local_logs/supervision/PPO_3a_bias0.0_2024_05_24-17_09_55__8ca69870.csv
agent_id,episode_id,step,price,quantity,capital,costs,profit,revenue,demand_for_price,sold_units,leftover_units,classification_accuracy,regression_error_value,supervision_reward_factor,reward,action
0,1,1,1.970338397691064,3.0,,1,2.911015,5.911015193073192,2.9661602308935926,0,0,0,1,1.0,2.911015,42
0,1,2,2.702906172394482,0.0,,1,0.0,0,0.0,0,0,0,1,1.0,0.0,45
0,1,3,2.9339175834054165,0.0,,1,0.0,0,0.0,0,0,0,1,1.0,0.0,39
0,1,4,2.9500670310068515,0.0,,1,0.0,0,0.0,0,0,0,1,1.0,0.0,18
0,1,5,3.135920765519638,0.0,,1,0.0,0,0.0,0,0,0,1,1.0,0.0,38
0,1,6,2.773894663506336,0.0,,1,0.0,0,0.0,0,0,0,1,1.0,0.0,7
0,1,7,3.240311039493377,0.0,,1,0.0,0,0.0,0,0,0,1,1.0,0.0,43
0,1,8,4.285511789381033,0.0,,1,0.0,0,0.0,0,0,0,1,1.0,0.0,47
0,1,9,3.0480192658764835,0.0,,1,0.0,0,0.0,0,0,0,1,1.0,0.0,2
0,1,10,2.141634892989342,0.0,,1,0.0,0,0.0,0,0,0,1,1.0,0.0,3
0,1,11,0.7664700892727724,115.0,,1,-26.855942,88.14406026636883,123.35299107272276,0,0,0,1,1.0,-26.855942,0
0,1,12,1.0033052627991808,66.0,,1,0.21814728,66.21814734474593,99.66947372008192,0,0,0,1,1.0,0.21814728,10
0,1,13,1.159665544994208,50.0,,1,7.9832764,57.9832772497104,84.0334455005792,0,0,0,1,1.0,7.9832764,10
0,1,14,1.377402560602721,40.0,,1,15.096104,55.096102424108835,62.25974393972791,0,0,0,1,1.0,15.096104,15
0,1,15,1.6939054828987423,12.0,,1,8.326866,20.326865794784908,30.609451710125768,0,0,0,1,1.0,8.326866,37
0,1,16,1.84627873057943,4.0,,1,3.3851151,7.38511492231772,15.372126942057008,0,0,0,1,1.0,3.3851151,21
0,1,17,1.4502986540734781,43.0,,1,19.362843,62.36284212515956,54.97013459265219,0,0,0,1,1.0,19.362843,5
0,1,18,1.7085965082889745,29.0,,1,20.549297,49.54929874038026,29.140349171102542,0,0,0,1,1.0,20.549297,34
0,1,19,2.3415494867433737,0.0,,1,0.0,0,0.0,0,0,0,1,1.0,0.0,44
0,1,20,2.3801693126210477,0.0,,1,0.0,0,0.0,0,0,0,1,1.0,0.0,16
0,1,21,2.722393656908228,0.0,,1,0.0,0,0.0,0,0,0,1,1.0,0.0,41
0,1,22,2.7577713325451754,0.0,,1,0.0,0,0.0,0,0,0,1,1.0,0.0,19
0,1,23,2.8098729750593843,0.0,,1,0.0,0,0.0,0,0,0,1,1.0,0.0,24
0,1,24,2.868342467228895,0.0,,1,0.0,0,0.0,0,0,0,1,1.0,0.0,25
0,1,25,3.0312096547378977,0.0,,1,0.0,0,0.0,0,0,0,1,1.0,0.0,37
0,1,26,1.6424537400940604,17.0,,1,10.921713,27.92171358159903,35.75462599059395,0,0,0,1,1.0,10.921713,1
0,1,27,1.7586120524761053,16.0,,1,12.137793,28.137792839617685,24.138794752389458,0,0,0,1,1.0,12.137793,15
0,1,28,1.967663150783347,0.0,,1,0.0,0,3.2336849216652865,0,0,0,1,1.0,0.0,34
0,1,29,2.1121577557658133,0.0,,1,0.0,0,0.0,0,0,0,1,1.0,0.0,28
0,1,30,0.7507976552371591,70.0,,1,-17.444164,52.55583586660114,124.9202344762841,0,0,0,1,1.0,-17.444164,0
0,1,31,1.9376673093847583,3.0,,1,2.813002,5.813001928154275,6.233269061524169,0,0,0,1,1.0,2.813002,47
0,1,32,2.1051811404713576,0.0,,1,0.0,0,0.0,0,0,0,1,1.0,0.0,32
0,1,33,2.2853965118398474,0.0,,1,0.0,0,0.0,0,0,0,1,1.0,0.0,35
0,1,34,2.465163757211483,0.0,,1,0.0,0,0.0,0,0,0,1,1.0,0.0,36
0,1,35,3.1712276785326754,0.0,,1,0.0,0,0.0,0,0,0,1,1.0,0.0,45
0,1,36,3.1974036395004153,0.0,,1,0.0,0,0.0,0,0,0,1,1.0,0.0,22
0,1,37,3.208503630462505,0.0,,1,0.0,0,0.0,0,0,0,1,1.0,0.0,19
0,1,38,3.2932397603329253,0.0,,1,0.0,0,0.0,0,0,0,1,1.0,0.0,33
0,1,39,3.242161602322979,0.0,,1,0.0,0,0.0,0,0,0,1,1.0,0.0,14
0,1,40,2.9537205108598097,0.0,,1,0.0,0,0.0,0,0,0,1,1.0,0.0,8
0,1,41,3.019337517360605,0.0,,1,0.0,0,0.0,0,0,0,1,1.0,0.0,28
0,1,42,3.0223533634589304,0.0,,1,0.0,0,0.0,0,0,0,1,1.0,0.0,17
0,1,43,3.5823862125774295,0.0,,1,0.0,0,0.0,0,0,0,1,1.0,0.0,44
0,1,44,2.39216324006269,0.0,,1,0.0,0,0.0,0,0,0,1,1.0,0.0,2
0,1,45,2.0049712515532114,0.0,,1,0.0,0,0.0,0,0,0,1,1.0,0.0,6
0,1,46,1.9775829039658979,2.0,,1,1.9551659,3.9551658079317957,2.2417096034102144,0,0,0,1,1.0,1.9551659,11
0,1,47,1.2742495814248151,72.0,,1,19.745972,91.74596986258669,72.57504185751849,0,0,0,1,1.0,19.745972,3
0,1,48,1.6966501605700666,30.0,,1,20.899506,50.899504817102,30.334983942993347,0,0,0,1,1.0,20.899506,40
0,1,49,1.8813672097497758,11.0,,1,9.69504,20.695039307247534,11.863279025022422,0,0,0,1,1.0,9.69504,29
0,1,50,2.1470272186617994,0.0,,1,0.0,0,0.0,0,0,0,1,1.0,0.0,38
0,1,51,2.205322281599511,0.0,,1,0.0,0,0.0,0,0,0,1,1.0,0.0,16
0,1,52,2.701278244632752,0.0,,1,0.0,0,0.0,0,0,0,1,1.0,0.0,43
0,1,53,2.8517002828923967,0.0,,1,0.0,0,0.0,0,0,0,1,1.0,0.0,36
0,1,54,2.8793540700943314,0.0,,1,0.0,0,0.0,0,0,0,1,1.0,0.0,19
0,1,55,3.1954138694885548,0.0,,1,0.0,0,0.0,0,0,0,1,1.0,0.0,41
0,1,56,3.0667491519233425,0.0,,1,0.0,0,0.0,0,0,0,1,1.0,0.0,11
0,1,57,3.0427036928526903,0.0,,1,0.0,0,0.0,0,0,0,1,1.0,0.0,15
0,1,58,3.176281995443378,0.0,,1,0.0,0,0.0,0,0,0,1,1.0,0.0,36
0,1,59,3.0485164670430045,0.0,,1,0.0,0,0.0,0,0,0,1,1.0,0.0,11
0,1,60,2.7711554250725166,0.0,,1,0.0,0,0.0,0,0,0,1,1.0,0.0,8
0,1,61,2.843604454935381,0.0,,1,0.0,0,0.0,0,0,0,1,1.0,0.0,27
0,1,62,4.459058264118884,0.0,,1,0.0,0,0.0,0,0,0,1,1.0,0.0,49
0,1,63,4.507748749616932,0.0,,1,0.0,0,0.0,0,0,0,1,1.0,0.0,32
0,1,64,4.79034126377923,0.0,,1,0.0,0,0.0,0,0,0,1,1.0,0.0,41
0,1,65,4.7263131641579115,0.0,,1,0.0,0,0.0,0,0,0,1,1.0,0.0,15
0,1,66,4.645027317623399,0.0,,1,0.0,0,0.0,0,0,0,1,1.0,0.0,14
0,1,67,4.000300697028053,0.0,,1,0.0,0,0.0,0,0,0,1,1.0,0.0,5
0,1,68,3.6837550564029704,0.0,,1,0.0,0,0.0,0,0,0,1,1.0,0.0,8
0,1,69,3.7543451204768297,0.0,,1,0.0,0,0.0,0,0,0,1,1.0,0.0,33
0,1,70,3.66682808284072,0.0,,1,0.0,0,0.0,0,0,0,1,1.0,0.0,13
0,1,71,3.9603172523406047,0.0,,1,0.0,0,0.0,0,0,0,1,1.0,0.0,41
0,1,72,3.644796164738076,0.0,,1,0.0,0,0.0,0,0,0,1,1.0,0.0,8
0,1,73,1.8213108187010814,17.0,,1,13.962284,30.962283917918384,17.868918129891853,0,0,0,1,1.0,13.962284,0
0,1,74,1.785056895150702,21.0,,1,16.486195,37.48619479816474,21.494310484929798,0,0,0,1,1.0,16.486195,10
0,1,75,1.71025890348936,28.0,,1,19.887249,47.887249297702084,28.974109651063998,0,0,0,1,1.0,19.887249,9
0,1,76,1.6935204416931935,30.0,,1,20.805614,50.8056132507958,30.647955830680644,0,0,0,1,1.0,20.805614,10
0,1,77,1.7154680426200548,28.0,,1,20.033104,48.033105193361536,28.45319573799452,0,0,0,1,1.0,20.033104,11
0,1,78,1.9430267462906685,5.0,,1,4.7151337,9.715133731453342,5.697325370933157,0,0,0,1,1.0,4.7151337,35
0,1,79,0.6650662427958779,133.0,,1,-44.54619,88.45381029185177,133.49337572041222,0,0,0,1,1.0,-44.54619,0
0,1,80,1.1998637857130703,80.0,,1,15.989105,95.98910285704562,80.01362142869297,0,0,0,1,1.0,15.989105,39
0,1,81,1.4555016907149418,54.0,,1,24.597092,78.59709129860686,54.449830928505804,0,0,0,1,1.0,24.597092,24
0,1,82,3.1051671149061852,0.0,,1,0.0,0,0.0,0,0,0,1,1.0,0.0,49
0,1,83,2.8243529381144854,0.0,,1,0.0,0,0.0,0,0,0,1,1.0,0.0,8
0,1,84,2.716395933402501,0.0,,1,0.0,0,0.0,0,0,0,1,1.0,0.0,11
0,1,85,2.525545310338245,0.0,,1,0.0,0,0.0,0,0,0,1,1.0,0.0,9
0,1,86,0.9900544167069076,100.0,,1,-0.99456024,99.00544167069076,100.99455832930924,0,0,0,1,1.0,-0.99456024,0
0,1,87,0.6727181522557641,132.0,,1,-43.201202,88.79879609776087,132.7281847744236,0,0,0,1,1.0,-43.201202,3
0,1,88,0.7660706108195041,123.0,,1,-28.773315,94.22668513079901,123.3929389180496,0,0,0,1,1.0,-28.773315,6
0,1,89,1.1346162054576667,86.0,,1,11.576996,97.57699366935934,86.53837945423332,0,0,0,1,1.0,11.576996,21
0,1,90,0.9563769824599808,104.0,,1,-4.5367966,99.46320617583801,104.36230175400192,0,0,0,1,1.0,-4.5367966,5
0,1,91,1.3034347546472391,69.0,,1,20.936996,89.9369980706595,69.65652453527608,0,0,0,1,1.0,20.936996,31
0,1,92,2.2427117702724026,0.0,,1,0.0,0,0.0,0,0,0,1,1.0,0.0,46
0,1,93,2.5945731637056113,0.0,,1,0.0,0,0.0,0,0,0,1,1.0,0.0,41
0,1,94,3.068649730827751,0.0,,1,0.0,0,0.0,0,0,0,1,1.0,0.0,43
0,1,95,3.142921709124613,0.0,,1,0.0,0,0.0,0,0,0,1,1.0,0.0,31
0,1,96,3.050016599739938,0.0,,1,0.0,0,0.0,0,0,0,1,1.0,0.0,12
0,1,97,2.595708645427503,0.0,,1,0.0,0,0.0,0,0,0,1,1.0,0.0,6
0,1,98,2.658348018483682,0.0,,1,0.0,0,0.0,0,0,0,1,1.0,0.0,24
0,1,99,2.5622588527398995,0.0,,1,0.0,0,0.0,0,0,0,1,1.0,0.0,11
0,1,100,2.893482744115998,0.0,,1,0.0,0,0.0,0,0,0,1,1.0,0.0,41
0,1,101,2.7402906168736094,0.0,,1,0.0,0,0.0,0,0,0,1,1.0,0.0,10
0,1,102,2.784638672799289,0.0,,1,0.0,0,0.0,0,0,0,1,1.0,0.0,21
0,1,103,3.638324091728924,0.0,,1,0.0,0,0.0,0,0,0,1,1.0,0.0,46
0,1,104,3.6407249319591126,0.0,,1,0.0,0,0.0,0,0,0,1,1.0,0.0,20
0,1,105,3.8046645971215933,0.0,,1,0.0,0,0.0,0,0,0,1,1.0,0.0,38
0,1,106,3.7158925572850023,0.0,,1,0.0,0,0.0,0,0,0,1,1.0,0.0,13
0,1,107,3.7247563672645123,0.0,,1,0.0,0,0.0,0,0,0,1,1.0,0.0,22
0,1,108,3.6774425097452457,0.0,,1,0.0,0,0.0,0,0,0,1,1.0,0.0,15
0,1,109,3.917456048417821,0.0,,1,0.0,0,0.0,0,0,0,1,1.0,0.0,40
0,1,110,4.153216021201686,0.0,,1,0.0,0,0.0,0,0,0,1,1.0,0.0,40
0,1,111,3.3614786173752855,0.0,,1,0.0,0,0.0,0,0,0,1,1.0,0.0,4
0,1,112,3.3805490496434643,0.0,,1,0.0,0,0.0,0,0,0,1,1.0,0.0,22
0,1,113,3.4374077667354053,0.0,,1,0.0,0,0.0,0,0,0,1,1.0,0.0,30
0,1,114,3.735799158691642,0.0,,1,0.0,0,0.0,0,0,0,1,1.0,0.0,41
0,1,115,3.974684473178502,0.0,,1,0.0,0,0.0,0,0,0,1,1.0,0.0,40
0,1,116,5.0126981686209415,0.0,,1,0.0,0,0.0,0,0,0,1,1.0,0.0,47
0,1,117,4.492128520641795,0.0,,1,0.0,0,0.0,0,0,0,1,1.0,0.0,6
0,1,118,4.47935137245171,0.0,,1,0.0,0,0.0,0,0,0,1,1.0,0.0,20
0,1,119,4.500516731383121,0.0,,1,0.0,0,0.0,0,0,0,1,1.0,0.0,26
0,1,120,2.579367276731263,0.0,,1,0.0,0,0.0,0,0,0,1,1.0,0.0,0
0,1,121,2.0534596384502963,0.0,,1,0.0,0,0.0,0,0,0,1,1.0,0.0,5
0,1,122,2.195625455953036,0.0,,1,0.0,0,0.0,0,0,0,1,1.0,0.0,30
0,1,123,2.301145998871777,0.0,,1,0.0,0,0.0,0,0,0,1,1.0,0.0,25
0,1,124,2.47958422126744,0.0,,1,0.0,0,0.0,0,0,0,1,1.0,0.0,36
0,1,125,2.560037353767175,0.0,,1,0.0,0,0.0,0,0,0,1,1.0,0.0,25
0,1,126,1.0118692014057369,98.0,,1,1.1631851,99.16318173776222,98.81307985942631,0,0,0,1,1.0,1.1631851,0
0,1,127,1.0280803786677861,97.0,,1,2.723793,99.72379673077525,97.19196213322138,0,0,0,1,1.0,2.723793,7
0,1,128,1.542838769364732,45.0,,1,24.427742,69.42774462141294,45.716123063526794,0,0,0,1,1.0,24.427742,41
0,1,129,1.6768821371240963,32.0,,1,21.660229,53.66022838797108,32.311786287590365,0,0,0,1,1.0,21.660229,15
0,1,130,1.5685255748241551,43.0,,1,24.446602,67.44659971743867,43.147442517584494,0,0,0,1,1.0,24.446602,8
0,1,131,0.6756590803796428,132.0,,1,-42.813004,89.18699861011285,132.43409196203572,0,0,0,1,1.0,-42.813004,1
0,1,132,1.067102749768102,93.0,,1,6.240555,99.24055572843349,93.28972502318979,0,0,0,1,1.0,6.240555,19
0,1,133,1.6277221854241473,37.0,,1,23.22572,60.22572086069345,37.22778145758528,0,0,0,1,1.0,23.22572,42
0,1,134,1.7940378890049056,20.0,,1,15.880756,35.88075778009811,20.596211099509446,0,0,0,1,1.0,15.880756,22
0,1,135,1.9686337183853548,3.0,,1,2.905901,5.905901155156064,3.136628161464529,0,0,0,1,1.0,2.905901,30
0,1,136,1.8630408718783182,13.0,,1,11.219532,24.219531334418136,13.695912812168189,0,0,0,1,1.0,11.219532,9
0,1,137,1.95689247793585,4.0,,1,3.82757,7.8275699117434,4.310752206415003,0,0,0,1,1.0,3.82757,16
0,1,138,2.056184824854502,0.0,,1,0.0,0,0.0,0,0,0,1,1.0,0.0,18
0,1,139,2.155168707484214,0.0,,1,0.0,0,0.0,0,0,0,1,1.0,0.0,20
0,1,140,3.472798572976626,0.0,,1,0.0,0,0.0,0,0,0,1,1.0,0.0,48
0,1,141,3.539851575114935,0.0,,1,0.0,0,0.0,0,0,0,1,1.0,0.0,32
0,1,142,4.379499495789108,0.0,,1,0.0,0,0.0,0,0,0,1,1.0,0.0,46
0,1,143,3.740325890242654,0.0,,1,0.0,0,0.0,0,0,0,1,1.0,0.0,5
0,1,144,3.8005442635887414,0.0,,1,0.0,0,0.0,0,0,0,1,1.0,0.0,32
0,1,145,3.9337158324081134,0.0,,1,0.0,0,0.0,0,0,0,1,1.0,0.0,37
0,1,146,3.8419933357336586,0.0,,1,0.0,0,0.0,0,0,0,1,1.0,0.0,13
0,1,147,3.3460232347401977,0.0,,1,0.0,0,0.0,0,0,0,1,1.0,0.0,6
0,1,148,3.5175652877996777,0.0,,1,0.0,0,0.0,0,0,0,1,1.0,0.0,38
0,1,149,3.534696447495471,0.0,,1,0.0,0,0.0,0,0,0,1,1.0,0.0,23
0,1,150,2.9265599265649405,0.0,,1,0.0,0,0.0,0,0,0,1,1.0,0.0,5
0,1,151,2.8450293095566854,0.0,,1,0.0,0,0.0,0,0,0,1,1.0,0.0,12
0,1,152,2.9015349308671956,0.0,,1,0.0,0,0.0,0,0,0,1,1.0,0.0,25
0,1,153,3.1229185009933706,0.0,,1,0.0,0,0.0,0,0,0,1,1.0,0.0,39
0,1,154,3.130014046255589,0.0,,1,0.0,0,0.0,0,0,0,1,1.0,0.0,18
0,1,155,3.43695332541635,0.0,,1,0.0,0,0.0,0,0,0,1,1.0,0.0,41
0,1,156,3.0585687075857813,0.0,,1,0.0,0,0.0,0,0,0,1,1.0,0.0,7
0,1,157,3.90593319217347,0.0,,1,0.0,0,0.0,0,0,0,1,1.0,0.0,46
0,1,158,5.51378521945651,0.0,,1,0.0,0,0.0,0,0,0,1,1.0,0.0,49
0,1,159,5.5053880329627445,0.0,,1,0.0,0,0.0,0,0,0,1,1.0,0.0,23
0,1,160,6.3342012804149475,0.0,,1,0.0,0,0.0,0,0,0,1,1.0,0.0,46
0,1,161,4.739172569190017,0.0,,1,0.0,0,0.0,0,0,0,1,1.0,0.0,1
0,1,162,4.635514338576792,0.0,,1,0.0,0,0.0,0,0,0,1,1.0,0.0,13
0,1,163,4.470663588372912,0.0,,1,0.0,0,0.0,0,0,0,1,1.0,0.0,11
0,1,164,4.392173012350059,0.0,,1,0.0,0,0.0,0,0,0,1,1.0,0.0,14
0,1,165,3.9844728374252587,0.0,,1,0.0,0,0.0,0,0,0,1,1.0,0.0,7
0,1,166,4.339595618773222,0.0,,1,0.0,0,0.0,0,0,0,1,1.0,0.0,42
0,1,167,4.294847772481099,0.0,,1,0.0,0,0.0,0,0,0,1,1.0,0.0,16
0,1,168,4.345503560262884,0.0,,1,0.0,0,0.0,0,0,0,1,1.0,0.0,32
0,1,169,4.629558732223333,0.0,,1,0.0,0,0.0,0,0,0,1,1.0,0.0,41
0,1,170,5.4608548184881105,0.0,,1,0.0,0,0.0,0,0,0,1,1.0,0.0,46
0,1,171,4.936232743050204,0.0,,1,0.0,0,0.0,0,0,0,1,1.0,0.0,6
0,1,172,5.083869262517972,0.0,,1,0.0,0,0.0,0,0,0,1,1.0,0.0,38
0,1,173,5.750262738403586,0.0,,1,0.0,0,0.0,0,0,0,1,1.0,0.0,45
0,1,174,5.741009150857819,0.0,,1,0.0,0,0.0,0,0,0,1,1.0,0.0,23
0,1,175,5.75418367722346,0.0,,1,0.0,0,0.0,0,0,0,1,1.0,0.0,26
0,1,176,6.0308382243702745,0.0,,1,0.0,0,0.0,0,0,0,1,1.0,0.0,41
0,1,177,5.986458155094237,0.0,,1,0.0,0,0.0,0,0,0,1,1.0,0.0,17
0,1,178,7.018692088864908,0.0,,1,0.0,0,0.0,0,0,0,1,1.0,0.0,47
0,1,179,7.445753796200338,0.0,,1,0.0,0,0.0,0,0,0,1,1.0,0.0,43
0,1,180,7.977926394543923,0.0,,1,0.0,0,0.0,0,0,0,1,1.0,0.0,44
0,1,181,7.993814787030265,0.0,,1,0.0,0,0.0,0,0,0,1,1.0,0.0,28
0,1,182,7.978606770804062,0.0,,1,0.0,0,0.0,0,0,0,1,1.0,0.0,22
0,1,183,6.376496231264188,0.0,,1,0.0,0,0.0,0,0,0,1,1.0,0.0,1
0,1,184,6.388178961415849,0.0,,1,0.0,0,0.0,0,0,0,1,1.0,0.0,26
0,1,185,6.3657172374366136,0.0,,1,0.0,0,0.0,0,0,0,1,1.0,0.0,20
0,1,186,6.337331299130824,0.0,,1,0.0,0,0.0,0,0,0,1,1.0,0.0,19
0,1,187,8.337570680882642,0.0,,1,0.0,0,0.0,0,0,0,1,1.0,0.0,50
0,1,188,8.514127724280831,0.0,,1,0.0,0,0.0,0,0,0,1,1.0,0.0,39
0,1,189,10.514154874069398,0.0,,1,0.0,0,0.0,0,0,0,1,1.0,0.0,50
0,1,190,10.50171208250443,0.0,,1,0.0,0,0.0,0,0,0,1,1.0,0.0,23
0,1,191,10.54863409051429,0.0,,1,0.0,0,0.0,0,0,0,1,1.0,0.0,33
0,1,192,10.016849143204423,0.0,,1,0.0,0,0.0,0,0,0,1,1.0,0.0,6
0,1,193,10.107831483743773,0.0,,1,0.0,0,0.0,0,0,0,1,1.0,0.0,36
0,1,194,10.049394341825963,0.0,,1,0.0,0,0.0,0,0,0,1,1.0,0.0,16
0,1,195,10.087041988951103,0.0,,1,0.0,0,0.0,0,0,0,1,1.0,0.0,32
0,1,196,8.087349439678935,0.0,,1,0.0,0,0.0,0,0,0,1,1.0,0.0,0
0,1,197,8.361831258777865,0.0,,1,0.0,0,0.0,0,0,0,1,1.0,0.0,41
0,1,198,8.636257000448463,0.0,,1,0.0,0,0.0,0,0,0,1,1.0,0.0,41
0,1,199,8.210051323178376,0.0,,1,0.0,0,0.0,0,0,0,1,1.0,0.0,7
0,1,200,9.496234627042474,0.0,,1,0.0,0,0.0,0,0,0,1,1.0,0.0,48
0,1,201,9.526464048412405,0.0,,1,0.0,0,0.0,0,0,0,1,1.0,0.0,31
0,1,202,9.350194591452254,0.0,,1,0.0,0,0.0,0,0,0,1,1.0,0.0,11
0,1,203,10.177269725460956,0.0,,1,0.0,0,0.0,0,0,0,1,1.0,0.0,46
0,1,204,8.891299148894799,0.0,,1,0.0,0,0.0,0,0,0,1,1.0,0.0,2
0,1,205,8.671549153956786,0.0,,1,0.0,0,0.0,0,0,0,1,1.0,0.0,10
0,1,206,8.70187196382595,0.0,,1,0.0,0,0.0,0,0,0,1,1.0,0.0,31
0,1,207,10.701894466346848,0.0,,1,0.0,0,0.0,0,0,0,1,1.0,0.0,50
0,1,208,10.72130881067963,0.0,,1,0.0,0,0.0,0,0,0,1,1.0,0.0,29
0,1,209,10.54497872712399,0.0,,1,0.0,0,0.0,0,0,0,1,1.0,0.0,11
0,1,210,10.507400029997587,0.0,,1,0.0,0,0.0,0,0,0,1,1.0,0.0,18
0,1,211,10.080964278889274,0.0,,1,0.0,0,0.0,0,0,0,1,1.0,0.0,7
0,1,212,9.254022900852346,0.0,,1,0.0,0,0.0,0,0,0,1,1.0,0.0,4
0,1,213,8.979900648460907,0.0,,1,0.0,0,0.0,0,0,0,1,1.0,0.0,9
0,1,214,9.010179337653211,0.0,,1,0.0,0,0.0,0,0,0,1,1.0,0.0,31
0,1,215,9.352261299739592,0.0,,1,0.0,0,0.0,0,0,0,1,1.0,0.0,42
0,1,216,10.179336355243096,0.0,,1,0.0,0,0.0,0,0,0,1,1.0,0.0,46
0,1,217,9.352386008772969,0.0,,1,0.0,0,0.0,0,0,0,1,1.0,0.0,4
0,1,218,9.352472763175891,0.0,,1,0.0,0,0.0,0,0,0,1,1.0,0.0,25
0,1,219,9.493969426841897,0.0,,1,0.0,0,0.0,0,0,0,1,1.0,0.0,38
0,1,220,8.830909124769356,0.0,,1,0.0,0,0.0,0,0,0,1,1.0,0.0,5
0,1,221,9.105268385672218,0.0,,1,0.0,0,0.0,0,0,0,1,1.0,0.0,41
0,1,222,7.5020074525603055,0.0,,1,0.0,0,0.0,0,0,0,1,1.0,0.0,1
0,1,223,6.839871808196077,0.0,,1,0.0,0,0.0,0,0,0,1,1.0,0.0,5
0,1,224,6.860313218266354,0.0,,1,0.0,0,0.0,0,0,0,1,1.0,0.0,29
0,1,225,7.687808813226826,0.0,,1,0.0,0,0.0,0,0,0,1,1.0,0.0,46
0,1,226,7.779168841128101,0.0,,1,0.0,0,0.0,0,0,0,1,1.0,0.0,36
0,1,227,8.606388899572138,0.0,,1,0.0,0,0.0,0,0,0,1,1.0,0.0,46
0,1,228,7.9435374531544225,0.0,,1,0.0,0,0.0,0,0,0,1,1.0,0.0,5
0,1,229,7.981485273969315,0.0,,1,0.0,0,0.0,0,0,0,1,1.0,0.0,32
0,1,230,7.840457484153608,0.0,,1,0.0,0,0.0,0,0,0,1,1.0,0.0,12
0,1,231,7.803259938084446,0.0,,1,0.0,0,0.0,0,0,0,1,1.0,0.0,18
0,1,232,7.8161334782379654,0.0,,1,0.0,0,0.0,0,0,0,1,1.0,0.0,27
0,1,233,8.348199918414002,0.0,,1,0.0,0,0.0,0,0,0,1,1.0,0.0,44
0,1,234,8.006538061134636,0.0,,1,0.0,0,0.0,0,0,0,1,1.0,0.0,8
0,1,235,7.91596142002952,0.0,,1,0.0,0,0.0,0,0,0,1,1.0,0.0,14
0,1,236,7.878734172965771,0.0,,1,0.0,0,0.0,0,0,0,1,1.0,0.0,18
0,1,237,7.052562628014275,0.0,,1,0.0,0,0.0,0,0,0,1,1.0,0.0,4
0,1,238,7.273178175027671,0.0,,1,0.0,0,0.0,0,0,0,1,1.0,0.0,40
0,1,239,7.364753137878481,0.0,,1,0.0,0,0.0,0,0,0,1,1.0,0.0,36
0,1,240,7.327804337463172,0.0,,1,0.0,0,0.0,0,0,0,1,1.0,0.0,18
0,1,241,8.155128745430208,0.0,,1,0.0,0,0.0,0,0,0,1,1.0,0.0,46
0,1,242,8.174802721597825,0.0,,1,0.0,0,0.0,0,0,0,1,1.0,0.0,29
0,1,243,8.15569758328611,0.0,,1,0.0,0,0.0,0,0,0,1,1.0,0.0,21
0,1,244,7.936133830522591,0.0,,1,0.0,0,0.0,0,0,0,1,1.0,0.0,10
0,1,245,8.077865567636263,0.0,,1,0.0,0,0.0,0,0,0,1,1.0,0.0,38
0,1,246,8.048028828524732,0.0,,1,0.0,0,0.0,0,0,0,1,1.0,0.0,19
0,1,247,8.05834532859868,0.0,,1,0.0,0,0.0,0,0,0,1,1.0,0.0,26
0,1,248,8.14957580880161,0.0,,1,0.0,0,0.0,0,0,0,1,1.0,0.0,36
0,1,249,9.753446965258602,0.0,,1,0.0,0,0.0,0,0,0,1,1.0,0.0,49
0,1,250,8.46754899993659,0.0,,1,0.0,0,0.0,0,0,0,1,1.0,0.0,2
0,1,251,8.394848406850906,0.0,,1,0.0,0,0.0,0,0,0,1,1.0,0.0,15
0,1,252,8.61495119997867,0.0,,1,0.0,0,0.0,0,0,0,1,1.0,0.0,40
0,1,253,8.501747624604528,0.0,,1,0.0,0,0.0,0,0,0,1,1.0,0.0,13
0,1,254,8.160038327571096,0.0,,1,0.0,0,0.0,0,0,0,1,1.0,0.0,8
0,1,255,9.763908879386161,0.0,,1,0.0,0,0.0,0,0,0,1,1.0,0.0,49
0,1,256,9.337519319862341,0.0,,1,0.0,0,0.0,0,0,0,1,1.0,0.0,7
