local_logs/supervision/PPO_3a_bias0.0_2024_05_24-17_09_55__8ca69870.csv
agent_id,episode_id,step,price,quantity,capital,costs,profit,revenue,demand_for_price,sold_units,leftover_units,classification_accuracy,regression_error_value,supervision_reward_factor,reward,action
0,1,257,9.313426817079067,0.0,,1,0.0,0,0.0,0,0,0,1,1.0,0.0,20
0,1,258,11.313439024910139,0.0,,1,0.0,0,0.0,0,0,0,1,1.0,0.0,50
0,1,259,11.360346451705569,0.0,,1,0.0,0,0.0,0,0,0,1,1.0,0.0,33
0,1,260,11.140439562179825,0.0,,1,0.0,0,0.0,0,0,0,1,1.0,0.0,10
0,1,261,11.150453931046238,0.0,,1,0.0,0,0.0,0,0,0,1,1.0,0.0,26
0,1,262,11.126285939661038,0.0,,1,0.0,0,0.0,0,0,0,1,1.0,0.0,20
0,1,263,11.067821191547784,0.0,,1,0.0,0,0.0,0,0,0,1,1.0,0.0,16
0,1,264,10.036526426337547,0.0,,1,0.0,0,0.0,0,0,0,1,1.0,0.0,3
0,1,265,9.816659560266062,0.0,,1,0.0,0,0.0,0,0,0,1,1.0,0.0,10
0,1,266,9.993061686573494,0.0,,1,0.0,0,0.0,0,0,0,1,1.0,0.0,39
0,1,267,9.993107401552566,0.0,,1,0.0,0,0.0,0,0,0,1,1.0,0.0,25
0,1,268,7.993445127340786,0.0,,1,0.0,0,0.0,0,0,0,1,1.0,0.0,0
0,1,269,7.7196410702179135,0.0,,1,0.0,0,0.0,0,0,0,1,1.0,0.0,9
0,1,270,7.861447816309475,0.0,,1,0.0,0,0.0,0,0,0,1,1.0,0.0,38
0,1,271,7.934732615515364,0.0,,1,0.0,0,0.0,0,0,0,1,1.0,0.0,35
0,1,272,7.945087077359151,0.0,,1,0.0,0,0.0,0,0,0,1,1.0,0.0,26
0,1,273,7.282568273489239,0.0,,1,0.0,0,0.0,0,0,0,1,1.0,0.0,5
0,1,274,7.293248619897237,0.0,,1,0.0,0,0.0,0,0,0,1,1.0,0.0,26
0,1,275,7.269762428049787,0.0,,1,0.0,0,0.0,0,0,0,1,1.0,0.0,20
0,1,276,6.996429814744475,0.0,,1,0.0,0,0.0,0,0,0,1,1.0,0.0,9
0,1,277,6.984885731322494,0.0,,1,0.0,0,0.0,0,0,0,1,1.0,0.0,23
0,1,278,6.97582036762477,0.0,,1,0.0,0,0.0,0,0,0,1,1.0,0.0,24
0,1,279,6.445579563613222,0.0,,1,0.0,0,0.0,0,0,0,1,1.0,0.0,6
0,1,280,6.588378138055193,0.0,,1,0.0,0,0.0,0,0,0,1,1.0,0.0,38
0,1,281,6.552200098880647,0.0,,1,0.0,0,0.0,0,0,0,1,1.0,0.0,18
0,1,282,6.5235131573554295,0.0,,1,0.0,0,0.0,0,0,0,1,1.0,0.0,19
0,1,283,7.351192298469392,0.0,,1,0.0,0,0.0,0,0,0,1,1.0,0.0,46
0,1,284,7.410277838899489,0.0,,1,0.0,0,0.0,0,0,0,1,1.0,0.0,34
0,1,285,6.126356587228687,0.0,,1,0.0,0,0.0,0,0,0,1,1.0,0.0,2
0,1,286,6.954348626888598,0.0,,1,0.0,0,0.0,0,0,0,1,1.0,0.0,46
0,1,287,7.013728834832225,0.0,,1,0.0,0,0.0,0,0,0,1,1.0,0.0,34
0,1,288,7.105491338718754,0.0,,1,0.0,0,0.0,0,0,0,1,1.0,0.0,36
0,1,289,6.280328770948471,0.0,,1,0.0,0,0.0,0,0,0,1,1.0,0.0,4
0,1,290,6.2628441325378965,0.0,,1,0.0,0,0.0,0,0,0,1,1.0,0.0,21
0,1,291,6.484293941672617,0.0,,1,0.0,0,0.0,0,0,0,1,1.0,0.0,40
0,1,292,5.660742833245691,0.0,,1,0.0,0,0.0,0,0,0,1,1.0,0.0,4
0,1,293,6.693321299668972,0.0,,1,0.0,0,0.0,0,0,0,1,1.0,0.0,47
0,1,294,6.420701963210604,0.0,,1,0.0,0,0.0,0,0,0,1,1.0,0.0,9
0,1,295,5.891638642436709,0.0,,1,0.0,0,0.0,0,0,0,1,1.0,0.0,6
0,1,296,5.3644998376068616,0.0,,1,0.0,0,0.0,0,0,0,1,1.0,0.0,6
0,1,297,5.278670507952651,0.0,,1,0.0,0,0.0,0,0,0,1,1.0,0.0,14
0,1,298,4.625312978929859,0.0,,1,0.0,0,0.0,0,0,0,1,1.0,0.0,5
0,1,299,4.622717350848866,0.0,,1,0.0,0,0.0,0,0,0,1,1.0,0.0,23
0,1,300,4.647896082543194,0.0,,1,0.0,0,0.0,0,0,0,1,1.0,0.0,28
0,1,301,3.6430777872860385,0.0,,1,0.0,0,0.0,0,0,0,1,1.0,0.0,3
0,1,302,2.4474561727816373,0.0,,1,0.0,0,0.0,0,0,0,1,1.0,0.0,2
0,1,303,2.5650929465585657,0.0,,1,0.0,0,0.0,0,0,0,1,1.0,0.0,32
0,1,304,1.5245312709724634,27.0,,1,14.162346,41.162344316256515,47.54687290275365,0,0,0,1,1.0,14.162346,2
0,1,305,1.8390740889762216,9.0,,1,7.5516663,16.551666800785995,16.09259110237784,0,0,0,1,1.0,7.5516663,38
0,1,306,1.9866010618491126,2.0,,1,1.9732022,3.973202123698225,1.3398938150887432,0,0,0,1,1.0,1.9732022,25
0,1,307,2.0821413333420584,0.0,,1,0.0,0,0.0,0,0,0,1,1.0,0.0,18
0,1,308,2.2331313664606496,0.0,,1,0.0,0,0.0,0,0,0,1,1.0,0.0,32
0,1,309,3.3019749045017632,0.0,,1,0.0,0,0.0,0,0,0,1,1.0,0.0,47
0,1,310,3.425974506741639,0.0,,1,0.0,0,0.0,0,0,0,1,1.0,0.0,36
0,1,311,2.481919360767643,0.0,,1,0.0,0,0.0,0,0,0,1,1.0,0.0,3
0,1,312,3.0616884983451214,0.0,,1,0.0,0,0.0,0,0,0,1,1.0,0.0,44
0,1,313,3.037885044087805,0.0,,1,0.0,0,0.0,0,0,0,1,1.0,0.0,15
0,1,314,3.193198095491128,0.0,,1,0.0,0,0.0,0,0,0,1,1.0,0.0,37
0,1,315,3.262403439595512,0.0,,1,0.0,0,0.0,0,0,0,1,1.0,0.0,31
0,1,316,3.2709566505527174,0.0,,1,0.0,0,0.0,0,0,0,1,1.0,0.0,19
0,1,317,3.272018466951936,0.0,,1,0.0,0,0.0,0,0,0,1,1.0,0.0,18
0,1,318,3.0464635011083967,0.0,,1,0.0,0,0.0,0,0,0,1,1.0,0.0,9
0,1,319,2.9252511746113004,0.0,,1,0.0,0,0.0,0,0,0,1,1.0,0.0,11
0,1,320,2.922094180483115,0.0,,1,0.0,0,0.0,0,0,0,1,1.0,0.0,16
0,1,321,2.8672243295027955,0.0,,1,0.0,0,0.0,0,0,0,1,1.0,0.0,13
0,1,322,2.9916591086297153,0.0,,1,0.0,0,0.0,0,0,0,1,1.0,0.0,35
0,1,323,3.3033594107008226,0.0,,1,0.0,0,0.0,0,0,0,1,1.0,0.0,41
0,1,324,3.6711316476758133,0.0,,1,0.0,0,0.0,0,0,0,1,1.0,0.0,42
0,1,325,3.6773544478022706,0.0,,1,0.0,0,0.0,0,0,0,1,1.0,0.0,21
0,1,326,1.8486720921013422,15.0,,1,12.730082,27.730081381520133,15.132790789865794,0,0,0,1,1.0,12.730082,0
0,1,327,1.4521312856510553,54.0,,1,24.415092,78.41508942515699,54.786871434894465,0,0,0,1,1.0,24.415092,5
0,1,328,1.5494343234617807,45.0,,1,24.724548,69.72454455578013,45.05656765382193,0,0,0,1,1.0,24.724548,12
0,1,329,1.7172019174904745,28.0,,1,20.081654,48.08165368973329,28.279808250952556,0,0,0,1,1.0,20.081654,19
0,1,330,2.2545254326101007,0.0,,1,0.0,0,0.0,0,0,0,1,1.0,0.0,43
0,1,331,2.1960935299431648,0.0,,1,0.0,0,0.0,0,0,0,1,1.0,0.0,11
0,1,332,2.1443327573981104,0.0,,1,0.0,0,0.0,0,0,0,1,1.0,0.0,11
0,1,333,2.5038847547184044,0.0,,1,0.0,0,0.0,0,0,0,1,1.0,0.0,41
0,1,334,2.1023555693359945,0.0,,1,0.0,0,0.0,0,0,0,1,1.0,0.0,6
0,1,335,2.2003556365307686,0.0,,1,0.0,0,0.0,0,0,0,1,1.0,0.0,21
0,1,336,2.283658660729075,0.0,,1,0.0,0,0.0,0,0,0,1,1.0,0.0,20
0,1,337,1.9117826435231764,8.0,,1,7.294261,15.294261148185411,8.821735647682374,0,0,0,1,1.0,7.294261,6
0,1,338,2.9944804067884285,0.0,,1,0.0,0,0.0,0,0,0,1,1.0,0.0,47
0,1,339,3.178444399631222,0.0,,1,0.0,0,0.0,0,0,0,1,1.0,0.0,38
0,1,340,3.2482187815233585,0.0,,1,0.0,0,0.0,0,0,0,1,1.0,0.0,31
0,1,341,3.309615641163194,0.0,,1,0.0,0,0.0,0,0,0,1,1.0,0.0,30
0,1,342,1.8726945085266642,12.0,,1,10.472334,22.47233410231997,12.73054914733359,0,0,0,1,1.0,10.472334,1
0,1,343,1.657659751655164,34.0,,1,22.360432,56.36043155627558,34.23402483448359,0,0,0,1,1.0,22.360432,7
0,1,344,1.8484172916091421,15.0,,1,12.726259,27.726259374137133,15.158270839085787,0,0,0,1,1.0,12.726259,29
0,1,345,1.9319817093548428,6.0,,1,5.5918903,11.591890256129057,6.801829064515715,0,0,0,1,1.0,5.5918903,15
0,1,346,2.5454926196597967,0.0,,1,0.0,0,0.0,0,0,0,1,1.0,0.0,44
0,1,347,2.6030338576603347,0.0,,1,0.0,0,0.0,0,0,0,1,1.0,0.0,21
0,1,348,4.613005362664606,0.0,,1,0.0,0,0.0,0,0,0,1,1.0,0.0,50
0,1,349,3.968874379539624,0.0,,1,0.0,0,0.0,0,0,0,1,1.0,0.0,5
0,1,350,4.511743982305013,0.0,,1,0.0,0,0.0,0,0,0,1,1.0,0.0,44
0,1,351,4.541847123513873,0.0,,1,0.0,0,0.0,0,0,0,1,1.0,0.0,29
0,1,352,4.567832601418145,0.0,,1,0.0,0,0.0,0,0,0,1,1.0,0.0,28
0,1,353,4.465985811353628,0.0,,1,0.0,0,0.0,0,0,0,1,1.0,0.0,13
0,1,354,4.447604922555226,0.0,,1,0.0,0,0.0,0,0,0,1,1.0,0.0,19
0,1,355,4.2421643049974636,0.0,,1,0.0,0,0.0,0,0,0,1,1.0,0.0,10
0,1,356,4.184583352368021,0.0,,1,0.0,0,0.0,0,0,0,1,1.0,0.0,15
0,1,357,2.6537564605056287,0.0,,1,0.0,0,0.0,0,0,0,1,1.0,0.0,1
0,1,358,2.5902944347462618,0.0,,1,0.0,0,0.0,0,0,0,1,1.0,0.0,12
0,1,359,3.6480207102617,0.0,,1,0.0,0,0.0,0,0,0,1,1.0,0.0,47
0,1,360,3.7448699377108023,0.0,,1,0.0,0,0.0,0,0,0,1,1.0,0.0,35
0,1,361,3.5963210288341068,0.0,,1,0.0,0,0.0,0,0,0,1,1.0,0.0,11
0,1,362,3.669048313380839,0.0,,1,0.0,0,0.0,0,0,0,1,1.0,0.0,33
0,1,363,3.5838043284468424,0.0,,1,0.0,0,0.0,0,0,0,1,1.0,0.0,13
0,1,364,2.9730968166808354,0.0,,1,0.0,0,0.0,0,0,0,1,1.0,0.0,5
1,1,1,0.4816173909384442,96.0,,1,-49.764732,46.23526953009064,151.8382609061556,0,0,0,1,1.0,-49.764732,3
1,1,2,1.0198568433308806,69.0,,1,1.3701248,70.37012218983075,98.01431566691194,0,0,0,1,1.0,1.3701248,36
1,1,3,1.300317045873391,53.0,,1,15.916801,68.91680343128972,69.9682954126609,0,0,0,1,1.0,15.916801,18
1,1,4,1.5223021254827487,37.0,,1,19.32518,56.3251786428617,47.769787451725136,0,0,0,1,1.0,19.32518,20
1,1,5,1.542879785563685,37.0,,1,20.086552,57.086552065856345,45.7120214436315,0,0,0,1,1.0,20.086552,10
1,1,6,1.5936525196371705,40.0,,1,23.746101,63.74610078548682,40.63474803628296,0,0,0,1,1.0,23.746101,11
1,1,7,1.7889976400581153,21.0,,1,16.56895,37.56895044122042,21.100235994188466,0,0,0,1,1.0,16.56895,27
1,1,8,1.969436962321487,3.0,,1,2.908311,5.908310886964461,3.0563037678513183,0,0,0,1,1.0,2.908311,31
1,1,9,2.089122674082381,0.0,,1,0.0,0,0.0,0,0,0,1,1.0,0.0,23
1,1,10,2.232713392566391,0.0,,1,0.0,0,0.0,0,0,0,1,1.0,0.0,31
1,1,11,3.857865537049151,0.0,,1,0.0,0,0.0,0,0,0,1,1.0,0.0,49
1,1,12,3.8492350674386664,0.0,,1,0.0,0,0.0,0,0,0,1,1.0,0.0,19
1,1,13,3.8703074962630715,0.0,,1,0.0,0,0.0,0,0,0,1,1.0,0.0,25
1,1,14,3.9099449326998665,0.0,,1,0.0,0,0.0,0,0,0,1,1.0,0.0,29
1,1,15,3.791347246626731,0.0,,1,0.0,0,0.0,0,0,0,1,1.0,0.0,12
1,1,16,3.952168563062968,0.0,,1,0.0,0,0.0,0,0,0,1,1.0,0.0,38
1,1,17,3.925208208155528,0.0,,1,0.0,0,0.0,0,0,0,1,1.0,0.0,17
1,1,18,3.8062686602441502,0.0,,1,0.0,0,0.0,0,0,0,1,1.0,0.0,12
1,1,19,3.8184746723247986,0.0,,1,0.0,0,0.0,0,0,0,1,1.0,0.0,24
1,1,20,3.859177747281737,0.0,,1,0.0,0,0.0,0,0,0,1,1.0,0.0,29
1,1,21,3.9373505419140753,0.0,,1,0.0,0,0.0,0,0,0,1,1.0,0.0,34
1,1,22,3.966472333514658,0.0,,1,0.0,0,0.0,0,0,0,1,1.0,0.0,26
1,1,23,3.975422127992886,0.0,,1,0.0,0,0.0,0,0,0,1,1.0,0.0,24
1,1,24,3.9749879557579617,0.0,,1,0.0,0,0.0,0,0,0,1,1.0,0.0,21
1,1,25,2.104930526846225,0.0,,1,0.0,0,0.0,0,0,0,1,1.0,0.0,0
1,1,26,2.2310366065896488,0.0,,1,0.0,0,0.0,0,0,0,1,1.0,0.0,27
1,1,27,2.0298607943450997,0.0,,1,0.0,0,0.0,0,0,0,1,1.0,0.0,8
1,1,28,2.1017632983777506,0.0,,1,0.0,0,0.0,0,0,0,1,1.0,0.0,16
1,1,29,1.5212014201904396,24.0,,1,12.508835,36.50883408457055,47.87985798095605,0,0,0,1,1.0,12.508835,4
1,1,30,1.6940978071443253,27.0,,1,18.740643,45.740640792896784,30.590219285567457,0,0,0,1,1.0,18.740643,19
1,1,31,3.3342045145418173,0.0,,1,0.0,0,0.0,0,0,0,1,1.0,0.0,49
1,1,32,3.381270610338557,0.0,,1,0.0,0,0.0,0,0,0,1,1.0,0.0,27
1,1,33,3.451101017212244,0.0,,1,0.0,0,0.0,0,0,0,1,1.0,0.0,32
1,1,34,3.4588886649152832,0.0,,1,0.0,0,0.0,0,0,0,1,1.0,0.0,20
1,1,35,3.5019606733509385,0.0,,1,0.0,0,0.0,0,0,0,1,1.0,0.0,27
1,1,36,2.551770925626784,0.0,,1,0.0,0,0.0,0,0,0,1,1.0,0.0,3
1,1,37,2.8323697017385454,0.0,,1,0.0,0,0.0,0,0,0,1,1.0,0.0,40
1,1,38,2.7828229421609447,0.0,,1,0.0,0,0.0,0,0,0,1,1.0,0.0,13
1,1,39,2.8074725469520074,0.0,,1,0.0,0,0.0,0,0,0,1,1.0,0.0,18
1,1,40,4.1101225425491075,0.0,,1,0.0,0,0.0,0,0,0,1,1.0,0.0,48
1,1,41,4.343124983352714,0.0,,1,0.0,0,0.0,0,0,0,1,1.0,0.0,40
1,1,42,4.332168378414919,0.0,,1,0.0,0,0.0,0,0,0,1,1.0,0.0,20
1,1,43,5.002121211717871,0.0,,1,0.0,0,0.0,0,0,0,1,1.0,0.0,45
1,1,44,4.736679410454848,0.0,,1,0.0,0,0.0,0,0,0,1,1.0,0.0,9
1,1,45,4.764634245341507,0.0,,1,0.0,0,0.0,0,0,0,1,1.0,0.0,29
1,1,46,4.760759906342456,0.0,,1,0.0,0,0.0,0,0,0,1,1.0,0.0,23
1,1,47,4.769282587706811,0.0,,1,0.0,0,0.0,0,0,0,1,1.0,0.0,25
1,1,48,6.057733194435903,0.0,,1,0.0,0,0.0,0,0,0,1,1.0,0.0,48
1,1,49,6.485737015873089,0.0,,1,0.0,0,0.0,0,0,0,1,1.0,0.0,43
1,1,50,5.825486290263717,0.0,,1,0.0,0,0.0,0,0,0,1,1.0,0.0,5
1,1,51,6.101975416489901,0.0,,1,0.0,0,0.0,0,0,0,1,1.0,0.0,41
1,1,52,5.928285603051207,0.0,,1,0.0,0,0.0,0,0,0,1,1.0,0.0,11
1,1,53,5.9684531073695775,0.0,,1,0.0,0,0.0,0,0,0,1,1.0,0.0,32
1,1,54,6.146951804630197,0.0,,1,0.0,0,0.0,0,0,0,1,1.0,0.0,39
1,1,55,6.368589255559045,0.0,,1,0.0,0,0.0,0,0,0,1,1.0,0.0,40
1,1,56,7.4005389034137306,0.0,,1,0.0,0,0.0,0,0,0,1,1.0,0.0,47
1,1,57,7.127094099936596,0.0,,1,0.0,0,0.0,0,0,0,1,1.0,0.0,9
1,1,58,6.596630402310262,0.0,,1,0.0,0,0.0,0,0,0,1,1.0,0.0,6
1,1,59,6.656397354596761,0.0,,1,0.0,0,0.0,0,0,0,1,1.0,0.0,34
1,1,60,6.1267538105953046,0.0,,1,0.0,0,0.0,0,0,0,1,1.0,0.0,6
1,1,61,6.3049391486613,0.0,,1,0.0,0,0.0,0,0,0,1,1.0,0.0,39
1,1,62,5.025421468814679,0.0,,1,0.0,0,0.0,0,0,0,1,1.0,0.0,2
1,1,63,5.0220343902437605,0.0,,1,0.0,0,0.0,0,0,0,1,1.0,0.0,24
1,1,64,4.970517780105337,0.0,,1,0.0,0,0.0,0,0,0,1,1.0,0.0,16
1,1,65,6.004327417236945,0.0,,1,0.0,0,0.0,0,0,0,1,1.0,0.0,47
1,1,66,6.036875808255976,0.0,,1,0.0,0,0.0,0,0,0,1,1.0,0.0,31
1,1,67,6.019916363525522,0.0,,1,0.0,0,0.0,0,0,0,1,1.0,0.0,21
1,1,68,7.052120847334635,0.0,,1,0.0,0,0.0,0,0,0,1,1.0,0.0,47
1,1,69,7.19429334410384,0.0,,1,0.0,0,0.0,0,0,0,1,1.0,0.0,38
1,1,70,6.532543245967321,0.0,,1,0.0,0,0.0,0,0,0,1,1.0,0.0,5
1,1,71,6.64724838531973,0.0,,1,0.0,0,0.0,0,0,0,1,1.0,0.0,37
1,1,72,7.179840055000287,0.0,,1,0.0,0,0.0,0,0,0,1,1.0,0.0,44
1,1,73,8.783806321304123,0.0,,1,0.0,0,0.0,0,0,0,1,1.0,0.0,49
1,1,74,10.387650193126904,0.0,,1,0.0,0,0.0,0,0,0,1,1.0,0.0,49
1,1,75,10.407072686061325,0.0,,1,0.0,0,0.0,0,0,0,1,1.0,0.0,29
1,1,76,10.293699823195006,0.0,,1,0.0,0,0.0,0,0,0,1,1.0,0.0,13
1,1,77,9.466740101047575,0.0,,1,0.0,0,0.0,0,0,0,1,1.0,0.0,4
1,1,78,9.50442065642129,0.0,,1,0.0,0,0.0,0,0,0,1,1.0,0.0,32
1,1,79,7.900978045443512,0.0,,1,0.0,0,0.0,0,0,0,1,1.0,0.0,1
1,1,80,9.901028169820192,0.0,,1,0.0,0,0.0,0,0,0,1,1.0,0.0,50
1,1,81,8.869830208431983,0.0,,1,0.0,0,0.0,0,0,0,1,1.0,0.0,3
1,1,82,8.89415011871825,0.0,,1,0.0,0,0.0,0,0,0,1,1.0,0.0,30
1,1,83,8.909835973363215,0.0,,1,0.0,0,0.0,0,0,0,1,1.0,0.0,28
1,1,84,8.76857017504944,0.0,,1,0.0,0,0.0,0,0,0,1,1.0,0.0,12
1,1,85,9.799964167894709,0.0,,1,0.0,0,0.0,0,0,0,1,1.0,0.0,47
1,1,86,11.403788381808711,0.0,,1,0.0,0,0.0,0,0,0,1,1.0,0.0,49
1,1,87,11.413799423924335,0.0,,1,0.0,0,0.0,0,0,0,1,1.0,0.0,26
1,1,88,11.376204858136969,0.0,,1,0.0,0,0.0,0,0,0,1,1.0,0.0,18
1,1,89,11.35203389203081,0.0,,1,0.0,0,0.0,0,0,0,1,1.0,0.0,20
1,1,90,11.57196472178412,0.0,,1,0.0,0,0.0,0,0,0,1,1.0,0.0,40
1,1,91,11.297728947240563,0.0,,1,0.0,0,0.0,0,0,0,1,1.0,0.0,9
1,1,92,10.9557512153828,0.0,,1,0.0,0,0.0,0,0,0,1,1.0,0.0,8
1,1,93,12.95575357797206,0.0,,1,0.0,0,0.0,0,0,0,1,1.0,0.0,50
1,1,94,13.175676877150597,0.0,,1,0.0,0,0.0,0,0,0,1,1.0,0.0,40
1,1,95,11.889575571900126,0.0,,1,0.0,0,0.0,0,0,0,1,1.0,0.0,2
1,1,96,11.902052629691822,0.0,,1,0.0,0,0.0,0,0,0,1,1.0,0.0,27
1,1,97,11.843579459490524,0.0,,1,0.0,0,0.0,0,0,0,1,1.0,0.0,16
1,1,98,11.569340735324612,0.0,,1,0.0,0,0.0,0,0,0,1,1.0,0.0,9
1,1,99,11.579350092702807,0.0,,1,0.0,0,0.0,0,0,0,1,1.0,0.0,26
1,1,100,11.488418760239089,0.0,,1,0.0,0,0.0,0,0,0,1,1.0,0.0,14
1,1,101,11.507821085938756,0.0,,1,0.0,0,0.0,0,0,0,1,1.0,0.0,29
1,1,102,11.849823415116564,0.0,,1,0.0,0,0.0,0,0,0,1,1.0,0.0,42
1,1,103,11.186630815381447,0.0,,1,0.0,0,0.0,0,0,0,1,1.0,0.0,5
1,1,104,11.21680078363382,0.0,,1,0.0,0,0.0,0,0,0,1,1.0,0.0,31
1,1,105,11.254419764583853,0.0,,1,0.0,0,0.0,0,0,0,1,1.0,0.0,32
1,1,106,10.912442805399438,0.0,,1,0.0,0,0.0,0,0,0,1,1.0,0.0,8
1,1,107,12.516259532655145,0.0,,1,0.0,0,0.0,0,0,0,1,1.0,0.0,49
1,1,108,13.048091276551656,0.0,,1,0.0,0,0.0,0,0,0,1,1.0,0.0,44
1,1,109,12.77384593480998,0.0,,1,0.0,0,0.0,0,0,0,1,1.0,0.0,9
1,1,110,12.804005206334978,0.0,,1,0.0,0,0.0,0,0,0,1,1.0,0.0,31
1,1,111,10.804025524091164,0.0,,1,0.0,0,0.0,0,0,0,1,1.0,0.0,0
1,1,112,11.078289143899537,0.0,,1,0.0,0,0.0,0,0,0,1,1.0,0.0,41
1,1,113,10.415112662306278,0.0,,1,0.0,0,0.0,0,0,0,1,1.0,0.0,5
1,1,114,10.273725835153105,0.0,,1,0.0,0,0.0,0,0,0,1,1.0,0.0,12
1,1,115,10.700225996259794,0.0,,1,0.0,0,0.0,0,0,0,1,1.0,0.0,43
1,1,116,9.873240424648738,0.0,,1,0.0,0,0.0,0,0,0,1,1.0,0.0,4
1,1,117,9.897473439276844,0.0,,1,0.0,0,0.0,0,0,0,1,1.0,0.0,30
1,1,118,9.859919636256462,0.0,,1,0.0,0,0.0,0,0,0,1,1.0,0.0,18
1,1,119,9.89012683184305,0.0,,1,0.0,0,0.0,0,0,0,1,1.0,0.0,31
1,1,120,9.615945315733484,0.0,,1,0.0,0,0.0,0,0,0,1,1.0,0.0,9
1,1,121,9.543090365872866,0.0,,1,0.0,0,0.0,0,0,0,1,1.0,0.0,15
1,1,122,9.684573960232843,0.0,,1,0.0,0,0.0,0,0,0,1,1.0,0.0,38
1,1,123,10.026613358166578,0.0,,1,0.0,0,0.0,0,0,0,1,1.0,0.0,42
1,1,124,10.689842591596506,0.0,,1,0.0,0,0.0,0,0,0,1,1.0,0.0,45
1,1,125,10.46994956547807,0.0,,1,0.0,0,0.0,0,0,0,1,1.0,0.0,10
1,1,126,9.806798184834916,0.0,,1,0.0,0,0.0,0,0,0,1,1.0,0.0,5
1,1,127,9.7968538127174,0.0,,1,0.0,0,0.0,0,0,0,1,1.0,0.0,24
1,1,128,9.796909437505594,0.0,,1,0.0,0,0.0,0,0,0,1,1.0,0.0,25
1,1,129,9.750071951291426,0.0,,1,0.0,0,0.0,0,0,0,1,1.0,0.0,17
1,1,130,10.176587623856017,0.0,,1,0.0,0,0.0,0,0,0,1,1.0,0.0,43
1,1,131,10.318042012366604,0.0,,1,0.0,0,0.0,0,0,0,1,1.0,0.0,38
1,1,132,10.84989100897235,0.0,,1,0.0,0,0.0,0,0,0,1,1.0,0.0,44
1,1,133,12.13600453872802,0.0,,1,0.0,0,0.0,0,0,0,1,1.0,0.0,48
1,1,134,12.063083659957957,0.0,,1,0.0,0,0.0,0,0,0,1,1.0,0.0,15
1,1,135,11.972148397110926,0.0,,1,0.0,0,0.0,0,0,0,1,1.0,0.0,14
1,1,136,11.630162101562233,0.0,,1,0.0,0,0.0,0,0,0,1,1.0,0.0,8
1,1,137,11.630170995269781,0.0,,1,0.0,0,0.0,0,0,0,1,1.0,0.0,25
1,1,138,12.056654422088437,0.0,,1,0.0,0,0.0,0,0,0,1,1.0,0.0,43
1,1,139,11.880304938341935,0.0,,1,0.0,0,0.0,0,0,0,1,1.0,0.0,11
1,1,140,11.860919724921287,0.0,,1,0.0,0,0.0,0,0,0,1,1.0,0.0,21
1,1,141,11.86092678592565,0.0,,1,0.0,0,0.0,0,0,0,1,1.0,0.0,25
1,1,142,12.524136881780079,0.0,,1,0.0,0,0.0,0,0,0,1,1.0,0.0,45
1,1,143,12.866134655215186,0.0,,1,0.0,0,0.0,0,0,0,1,1.0,0.0,42
1,1,144,13.140384795173317,0.0,,1,0.0,0,0.0,0,0,0,1,1.0,0.0,41
1,1,145,13.177992717885317,0.0,,1,0.0,0,0.0,0,0,0,1,1.0,0.0,32
1,1,146,12.751517994798315,0.0,,1,0.0,0,0.0,0,0,0,1,1.0,0.0,7
1,1,147,12.770913111531357,0.0,,1,0.0,0,0.0,0,0,0,1,1.0,0.0,29
1,1,148,11.167114182290781,0.0,,1,0.0,0,0.0,0,0,0,1,1.0,0.0,1
1,1,149,11.214023444539352,0.0,,1,0.0,0,0.0,0,0,0,1,1.0,0.0,33
1,1,150,11.272516517075791,0.0,,1,0.0,0,0.0,0,0,0,1,1.0,0.0,34
1,1,151,9.986454370383907,0.0,,1,0.0,0,0.0,0,0,0,1,1.0,0.0,2
1,1,152,8.382870088314865,0.0,,1,0.0,0,0.0,0,0,0,1,1.0,0.0,1
1,1,153,8.336214016704051,0.0,,1,0.0,0,0.0,0,0,0,1,1.0,0.0,17
1,1,154,8.37405085307511,0.0,,1,0.0,0,0.0,0,0,0,1,1.0,0.0,32
1,1,155,7.088777451416925,0.0,,1,0.0,0,0.0,0,0,0,1,1.0,0.0,2
1,1,156,7.079619899344271,0.0,,1,0.0,0,0.0,0,0,0,1,1.0,0.0,24
1,1,157,6.904267487823523,0.0,,1,0.0,0,0.0,0,0,0,1,1.0,0.0,11
1,1,158,6.952120328729843,0.0,,1,0.0,0,0.0,0,0,0,1,1.0,0.0,33
1,1,159,7.011502543145425,0.0,,1,0.0,0,0.0,0,0,0,1,1.0,0.0,34
1,1,160,7.188614372373134,0.0,,1,0.0,0,0.0,0,0,0,1,1.0,0.0,39
1,1,161,7.531145829072717,0.0,,1,0.0,0,0.0,0,0,0,1,1.0,0.0,42
1,1,162,7.3554287375012875,0.0,,1,0.0,0,0.0,0,0,0,1,1.0,0.0,11
1,1,163,8.9593703336186,0.0,,1,0.0,0,0.0,0,0,0,1,1.0,0.0,49
