local_logs/supervision/PPO_3a_bias0.0_2024_05_24-17_09_55__8ca69870.csv
agent_id,episode_id,step,price,quantity,capital,costs,profit,revenue,demand_for_price,sold_units,leftover_units,classification_accuracy,regression_error_value,supervision_reward_factor,reward,action
1,1,164,9.385931854211684,0.0,,1,0.0,0,0.0,0,0,0,1,1.0,0.0,43
1,1,165,9.398484988420169,0.0,,1,0.0,0,0.0,0,0,0,1,1.0,0.0,27
1,1,166,10.68461604996705,0.0,,1,0.0,0,0.0,0,0,0,1,1.0,0.0,48
1,1,167,12.288433715374024,0.0,,1,0.0,0,0.0,0,0,0,1,1.0,0.0,49
1,1,168,12.562685391274059,0.0,,1,0.0,0,0.0,0,0,0,1,1.0,0.0,41
1,1,169,12.676095225317338,0.0,,1,0.0,0,0.0,0,0,0,1,1.0,0.0,37
1,1,170,12.534677468723803,0.0,,1,0.0,0,0.0,0,0,0,1,1.0,0.0,12
1,1,171,12.593161218648564,0.0,,1,0.0,0,0.0,0,0,0,1,1.0,0.0,34
1,1,172,12.502223356421323,0.0,,1,0.0,0,0.0,0,0,0,1,1.0,0.0,14
1,1,173,12.521619277853128,0.0,,1,0.0,0,0.0,0,0,0,1,1.0,0.0,29
1,1,174,10.917824349460817,0.0,,1,0.0,0,0.0,0,0,0,1,1.0,0.0,1
1,1,175,10.93723440768432,0.0,,1,0.0,0,0.0,0,0,0,1,1.0,0.0,29
1,1,176,10.91306991465521,0.0,,1,0.0,0,0.0,0,0,0,1,1.0,0.0,20
1,1,177,10.95069349158319,0.0,,1,0.0,0,0.0,0,0,0,1,1.0,0.0,32
1,1,178,11.224955004527398,0.0,,1,0.0,0,0.0,0,0,0,1,1.0,0.0,41
1,1,179,11.262573880310153,0.0,,1,0.0,0,0.0,0,0,0,1,1.0,0.0,32
1,1,180,12.548685596716245,0.0,,1,0.0,0,0.0,0,0,0,1,1.0,0.0,48
1,1,181,13.08051727188091,0.0,,1,0.0,0,0.0,0,0,0,1,1.0,0.0,44
1,1,182,13.74372480437417,0.0,,1,0.0,0,0.0,0,0,0,1,1.0,0.0,45
1,1,183,13.630319298725865,0.0,,1,0.0,0,0.0,0,0,0,1,1.0,0.0,13
1,1,184,13.972315342932497,0.0,,1,0.0,0,0.0,0,0,0,1,1.0,0.0,42
1,1,185,15.258423746006217,0.0,,1,0.0,0,0.0,0,0,0,1,1.0,0.0,48
1,1,186,15.268423979894125,0.0,,1,0.0,0,0.0,0,0,0,1,1.0,0.0,26
1,1,187,15.238267699158655,0.0,,1,0.0,0,0.0,0,0,0,1,1.0,0.0,19
1,1,188,14.81179044740002,0.0,,1,0.0,0,0.0,0,0,0,1,1.0,0.0,7
1,1,189,14.469795777878298,0.0,,1,0.0,0,0.0,0,0,0,1,1.0,0.0,8
1,1,190,14.611217585377776,0.0,,1,0.0,0,0.0,0,0,0,1,1.0,0.0,38
1,1,191,14.62368831233514,0.0,,1,0.0,0,0.0,0,0,0,1,1.0,0.0,27
1,1,192,14.68216908745329,0.0,,1,0.0,0,0.0,0,0,0,1,1.0,0.0,34
1,1,193,14.340174489872327,0.0,,1,0.0,0,0.0,0,0,0,1,1.0,0.0,8
1,1,194,16.340174569957544,0.0,,1,0.0,0,0.0,0,0,0,1,1.0,0.0,50
1,1,195,17.167211713382294,0.0,,1,0.0,0,0.0,0,0,0,1,1.0,0.0,46
1,1,196,18.198550263590885,0.0,,1,0.0,0,0.0,0,0,0,1,1.0,0.0,47
1,1,197,18.188550276203728,0.0,,1,0.0,0,0.0,0,0,0,1,1.0,0.0,24
1,1,198,18.462798461467504,0.0,,1,0.0,0,0.0,0,0,0,1,1.0,0.0,41
1,1,199,17.17669032932666,0.0,,1,0.0,0,0.0,0,0,0,1,1.0,0.0,2
1,1,200,17.83989680526861,0.0,,1,0.0,0,0.0,0,0,0,1,1.0,0.0,45
1,1,201,17.698475469620988,0.0,,1,0.0,0,0.0,0,0,0,1,1.0,0.0,12
1,1,202,17.73608152038162,0.0,,1,0.0,0,0.0,0,0,0,1,1.0,0.0,32
1,1,203,17.516160142077837,0.0,,1,0.0,0,0.0,0,0,0,1,1.0,0.0,10
1,1,204,17.486003645757755,0.0,,1,0.0,0,0.0,0,0,0,1,1.0,0.0,19
1,1,205,17.427523317990953,0.0,,1,0.0,0,0.0,0,0,0,1,1.0,0.0,16
1,1,206,18.090729789967508,0.0,,1,0.0,0,0.0,0,0,0,1,1.0,0.0,45
1,1,207,18.114912515295405,0.0,,1,0.0,0,0.0,0,0,0,1,1.0,0.0,30
1,1,208,18.090729817453184,0.0,,1,0.0,0,0.0,0,0,0,1,1.0,0.0,20
1,1,209,18.26708623835177,0.0,,1,0.0,0,0.0,0,0,0,1,1.0,0.0,39
1,1,210,18.12566489554594,0.0,,1,0.0,0,0.0,0,0,0,1,1.0,0.0,12
1,1,211,18.95270200982013,0.0,,1,0.0,0,0.0,0,0,0,1,1.0,0.0,46
1,1,212,20.556515070519627,0.0,,1,0.0,0,0.0,0,0,0,1,1.0,0.0,49
1,1,213,20.465573489908774,0.0,,1,0.0,0,0.0,0,0,0,1,1.0,0.0,14
1,1,214,20.37463190929792,0.0,,1,0.0,0,0.0,0,0,0,1,1.0,0.0,14
1,1,215,20.37463190929792,0.0,,1,0.0,0,0.0,0,0,0,1,1.0,0.0,25
1,1,216,20.30170526192575,0.0,,1,0.0,0,0.0,0,0,0,1,1.0,0.0,15
1,1,217,20.22877861455358,0.0,,1,0.0,0,0.0,0,0,0,1,1.0,0.0,15
1,1,218,20.258935136337573,0.0,,1,0.0,0,0.0,0,0,0,1,1.0,0.0,31
1,1,219,20.22132910540671,0.0,,1,0.0,0,0.0,0,0,0,1,1.0,0.0,18
1,1,220,20.130387524795857,0.0,,1,0.0,0,0.0,0,0,0,1,1.0,0.0,14
1,1,221,19.598557938180676,0.0,,1,0.0,0,0.0,0,0,0,1,1.0,0.0,6
1,1,222,19.657038295849336,0.0,,1,0.0,0,0.0,0,0,0,1,1.0,0.0,34
1,1,223,19.66703829872484,0.0,,1,0.0,0,0.0,0,0,0,1,1.0,0.0,26
1,1,224,19.3250431134375,0.0,,1,0.0,0,0.0,0,0,0,1,1.0,0.0,8
1,1,225,19.0507949430866,0.0,,1,0.0,0,0.0,0,0,0,1,1.0,0.0,9
1,1,226,19.074977660035895,0.0,,1,0.0,0,0.0,0,0,0,1,1.0,0.0,30
1,1,227,18.80072949119797,0.0,,1,0.0,0,0.0,0,0,0,1,1.0,0.0,9
1,1,228,18.847625276105596,0.0,,1,0.0,0,0.0,0,0,0,1,1.0,0.0,33
1,1,229,18.847625282630595,0.0,,1,0.0,0,0.0,0,0,0,1,1.0,0.0,25
1,1,230,18.989046644532408,0.0,,1,0.0,0,0.0,0,0,0,1,1.0,0.0,38
1,1,231,18.98904665019691,0.0,,1,0.0,0,0.0,0,0,0,1,1.0,0.0,25
1,1,232,18.769125254243505,0.0,,1,0.0,0,0.0,0,0,0,1,1.0,0.0,10
1,1,233,17.73778673631824,0.0,,1,0.0,0,0.0,0,0,0,1,1.0,0.0,3
1,1,234,18.07978193971569,0.0,,1,0.0,0,0.0,0,0,0,1,1.0,0.0,42
1,1,235,17.90342554725146,0.0,,1,0.0,0,0.0,0,0,0,1,1.0,0.0,11
1,1,236,17.56143038153002,0.0,,1,0.0,0,0.0,0,0,0,1,1.0,0.0,8
1,1,237,18.09325998509837,0.0,,1,0.0,0,0.0,0,0,0,1,1.0,0.0,44
1,1,238,18.00231841968223,0.0,,1,0.0,0,0.0,0,0,0,1,1.0,0.0,14
1,1,239,17.728070263995292,0.0,,1,0.0,0,0.0,0,0,0,1,1.0,0.0,9
1,1,240,15.72807041169711,0.0,,1,0.0,0,0.0,0,0,0,1,1.0,0.0,0
1,1,241,17.01417861934879,0.0,,1,0.0,0,0.0,0,0,0,1,1.0,0.0,48
1,1,242,16.99862786926528,0.0,,1,0.0,0,0.0,0,0,0,1,1.0,0.0,22
1,1,243,17.01109819149556,0.0,,1,0.0,0,0.0,0,0,0,1,1.0,0.0,27
1,1,244,16.96420245602115,0.0,,1,0.0,0,0.0,0,0,0,1,1.0,0.0,17
1,1,245,16.787846097966376,0.0,,1,0.0,0,0.0,0,0,0,1,1.0,0.0,11
1,1,246,16.76845387567739,0.0,,1,0.0,0,0.0,0,0,0,1,1.0,0.0,21
1,1,247,15.941416886602143,0.0,,1,0.0,0,0.0,0,0,0,1,1.0,0.0,4
1,1,248,15.965599714827142,0.0,,1,0.0,0,0.0,0,0,0,1,1.0,0.0,30
1,1,249,15.984992103538847,0.0,,1,0.0,0,0.0,0,0,0,1,1.0,0.0,29
1,1,250,15.558514657523528,0.0,,1,0.0,0,0.0,0,0,0,1,1.0,0.0,7
1,1,251,15.33859347255095,0.0,,1,0.0,0,0.0,0,0,0,1,1.0,0.0,10
1,1,252,14.307255546388193,0.0,,1,0.0,0,0.0,0,0,0,1,1.0,0.0,3
1,1,253,14.03300817524183,0.0,,1,0.0,0,0.0,0,0,0,1,1.0,0.0,9
1,1,254,14.091489288835445,0.0,,1,0.0,0,0.0,0,0,0,1,1.0,0.0,34
1,1,255,13.264453915522338,0.0,,1,0.0,0,0.0,0,0,0,1,1.0,0.0,4
1,1,256,13.283847891758072,0.0,,1,0.0,0,0.0,0,0,0,1,1.0,0.0,29
1,1,257,13.271379333582473,0.0,,1,0.0,0,0.0,0,0,0,1,1.0,0.0,23
1,1,258,13.308987024026631,0.0,,1,0.0,0,0.0,0,0,0,1,1.0,0.0,32
1,1,259,13.167567579395719,0.0,,1,0.0,0,0.0,0,0,0,1,1.0,0.0,12
1,1,260,13.38749051662498,0.0,,1,0.0,0,0.0,0,0,0,1,1.0,0.0,40
1,1,261,14.991303885898608,0.0,,1,0.0,0,0.0,0,0,0,1,1.0,0.0,49
1,1,262,14.975753407768984,0.0,,1,0.0,0,0.0,0,0,0,1,1.0,0.0,22
1,1,263,15.034234058140553,0.0,,1,0.0,0,0.0,0,0,0,1,1.0,0.0,34
1,1,264,14.943292801280213,0.0,,1,0.0,0,0.0,0,0,0,1,1.0,0.0,14
1,1,265,14.766936778231722,0.0,,1,0.0,0,0.0,0,0,0,1,1.0,0.0,11
1,1,266,16.766936830496835,0.0,,1,0.0,0,0.0,0,0,0,1,1.0,0.0,50
1,1,267,15.48082885279216,0.0,,1,0.0,0,0.0,0,0,0,1,1.0,0.0,2
1,1,268,15.527724811640557,0.0,,1,0.0,0,0.0,0,0,0,1,1.0,0.0,33
1,1,269,15.50354228477242,0.0,,1,0.0,0,0.0,0,0,0,1,1.0,0.0,20
1,1,270,15.550438239568022,0.0,,1,0.0,0,0.0,0,0,0,1,1.0,0.0,33
1,1,271,15.123960888797326,0.0,,1,0.0,0,0.0,0,0,0,1,1.0,0.0,7
1,1,272,15.265382479634996,0.0,,1,0.0,0,0.0,0,0,0,1,1.0,0.0,38
1,1,273,15.245990444354263,0.0,,1,0.0,0,0.0,0,0,0,1,1.0,0.0,21
1,1,274,16.532098677289305,0.0,,1,0.0,0,0.0,0,0,0,1,1.0,0.0,48
1,1,275,15.868892347522044,0.0,,1,0.0,0,0.0,0,0,0,1,1.0,0.0,5
1,1,276,16.53209887168948,0.0,,1,0.0,0,0.0,0,0,0,1,1.0,0.0,45
1,1,277,16.257850782970394,0.0,,1,0.0,0,0.0,0,0,0,1,1.0,0.0,9
1,1,278,15.430813873400739,0.0,,1,0.0,0,0.0,0,0,0,1,1.0,0.0,4
1,1,279,17.4308139003095,0.0,,1,0.0,0,0.0,0,0,0,1,1.0,0.0,50
1,1,280,17.705062096440223,0.0,,1,0.0,0,0.0,0,0,0,1,1.0,0.0,41
1,1,281,17.70506211689474,0.0,,1,0.0,0,0.0,0,0,0,1,1.0,0.0,25
1,1,282,17.729244848611764,0.0,,1,0.0,0,0.0,0,0,0,1,1.0,0.0,30
1,1,283,16.125431887181332,0.0,,1,0.0,0,0.0,0,0,0,1,1.0,0.0,1
1,1,284,17.15677046029492,0.0,,1,0.0,0,0.0,0,0,0,1,1.0,0.0,47
1,1,285,16.493564070924105,0.0,,1,0.0,0,0.0,0,0,0,1,1.0,0.0,5
1,1,286,16.478013349157752,0.0,,1,0.0,0,0.0,0,0,0,1,1.0,0.0,22
1,1,287,16.497405692065964,0.0,,1,0.0,0,0.0,0,0,0,1,1.0,0.0,29
1,1,288,17.02923532196704,0.0,,1,0.0,0,0.0,0,0,0,1,1.0,0.0,44
1,1,289,17.029235362173612,0.0,,1,0.0,0,0.0,0,0,0,1,1.0,0.0,25
1,1,290,17.303483568412577,0.0,,1,0.0,0,0.0,0,0,0,1,1.0,0.0,41
1,1,291,17.31903439004347,0.0,,1,0.0,0,0.0,0,0,0,1,1.0,0.0,28
1,1,292,18.605142565194132,0.0,,1,0.0,0,0.0,0,0,0,1,1.0,0.0,48
1,1,293,18.617612854694414,0.0,,1,0.0,0,0.0,0,0,0,1,1.0,0.0,27
1,1,294,17.013799834826912,0.0,,1,0.0,0,0.0,0,0,0,1,1.0,0.0,1
1,1,295,17.02935066656858,0.0,,1,0.0,0,0.0,0,0,0,1,1.0,0.0,28
1,1,296,16.20231365009164,0.0,,1,0.0,0,0.0,0,0,0,1,1.0,0.0,4
1,1,297,16.31572044125703,0.0,,1,0.0,0,0.0,0,0,0,1,1.0,0.0,37
1,1,298,16.13936412991424,0.0,,1,0.0,0,0.0,0,0,0,1,1.0,0.0,11
1,1,299,16.15183450788446,0.0,,1,0.0,0,0.0,0,0,0,1,1.0,0.0,27
1,1,300,15.120496241339668,0.0,,1,0.0,0,0.0,0,0,0,1,1.0,0.0,3
1,1,301,14.778501433753814,0.0,,1,0.0,0,0.0,0,0,0,1,1.0,0.0,8
1,1,302,14.705575197010937,0.0,,1,0.0,0,0.0,0,0,0,1,1.0,0.0,15
1,1,303,14.690024822535845,0.0,,1,0.0,0,0.0,0,0,0,1,1.0,0.0,22
1,1,304,14.677554963545967,0.0,,1,0.0,0,0.0,0,0,0,1,1.0,0.0,23
1,1,305,14.586613845437736,0.0,,1,0.0,0,0.0,0,0,0,1,1.0,0.0,14
1,1,306,13.92340828508999,0.0,,1,0.0,0,0.0,0,0,0,1,1.0,0.0,5
1,1,307,11.923414918367026,0.0,,1,0.0,0,0.0,0,0,0,1,1.0,0.0,0
1,1,308,12.265414819634739,0.0,,1,0.0,0,0.0,0,0,0,1,1.0,0.0,42
1,1,309,12.485340004341458,0.0,,1,0.0,0,0.0,0,0,0,1,1.0,0.0,40
1,1,310,12.343923004258906,0.0,,1,0.0,0,0.0,0,0,0,1,1.0,0.0,12
1,1,311,12.069680559255058,0.0,,1,0.0,0,0.0,0,0,0,1,1.0,0.0,9
1,1,312,12.054135588167082,0.0,,1,0.0,0,0.0,0,0,0,1,1.0,0.0,22
1,1,313,12.066611617741422,0.0,,1,0.0,0,0.0,0,0,0,1,1.0,0.0,27
1,1,314,12.493092991240005,0.0,,1,0.0,0,0.0,0,0,0,1,1.0,0.0,43
1,1,315,12.58403799812794,0.0,,1,0.0,0,0.0,0,0,0,1,1.0,0.0,36
1,1,316,13.87014711179274,0.0,,1,0.0,0,0.0,0,0,0,1,1.0,0.0,48
1,1,317,13.894330747750477,0.0,,1,0.0,0,0.0,0,0,0,1,1.0,0.0,30
1,1,318,13.362502731093713,0.0,,1,0.0,0,0.0,0,0,0,1,1.0,0.0,6
1,1,319,12.69929932629497,0.0,,1,0.0,0,0.0,0,0,0,1,1.0,0.0,5
1,1,320,12.669145951248408,0.0,,1,0.0,0,0.0,0,0,0,1,1.0,0.0,19
1,1,321,12.62225347067619,0.0,,1,0.0,0,0.0,0,0,0,1,1.0,0.0,17
1,1,322,12.348009633389038,0.0,,1,0.0,0,0.0,0,0,0,1,1.0,0.0,9
1,1,323,12.335543744910764,0.0,,1,0.0,0,0.0,0,0,0,1,1.0,0.0,23
1,1,324,12.311365533474005,0.0,,1,0.0,0,0.0,0,0,0,1,1.0,0.0,20
1,1,325,12.321369988989638,0.0,,1,0.0,0,0.0,0,0,0,1,1.0,0.0,26
1,1,326,12.262894358049007,0.0,,1,0.0,0,0.0,0,0,0,1,1.0,0.0,16
1,1,327,12.252899129325197,0.0,,1,0.0,0,0.0,0,0,0,1,1.0,0.0,24
1,1,328,13.284239368141238,0.0,,1,0.0,0,0.0,0,0,0,1,1.0,0.0,47
1,1,329,12.752412673777426,0.0,,1,0.0,0,0.0,0,0,0,1,1.0,0.0,6
1,1,330,12.865821967782955,0.0,,1,0.0,0,0.0,0,0,0,1,1.0,0.0,37
1,1,331,12.890007202675333,0.0,,1,0.0,0,0.0,0,0,0,1,1.0,0.0,30
1,1,332,12.852403791570923,0.0,,1,0.0,0,0.0,0,0,0,1,1.0,0.0,18
1,1,333,14.456217379190415,0.0,,1,0.0,0,0.0,0,0,0,1,1.0,0.0,49
1,1,334,14.27986159849508,0.0,,1,0.0,0,0.0,0,0,0,1,1.0,0.0,11
1,1,335,13.937867293992792,0.0,,1,0.0,0,0.0,0,0,0,1,1.0,0.0,8
1,1,336,14.157789407154452,0.0,,1,0.0,0,0.0,0,0,0,1,1.0,0.0,40
1,1,337,13.815795217534992,0.0,,1,0.0,0,0.0,0,0,0,1,1.0,0.0,8
1,1,338,14.242273491162699,0.0,,1,0.0,0,0.0,0,0,0,1,1.0,0.0,43
1,1,339,14.774103464289304,0.0,,1,0.0,0,0.0,0,0,0,1,1.0,0.0,44
1,1,340,14.764103851574816,0.0,,1,0.0,0,0.0,0,0,0,1,1.0,0.0,24
1,1,341,14.79426074913934,0.0,,1,0.0,0,0.0,0,0,0,1,1.0,0.0,31
1,1,342,15.220738615459721,0.0,,1,0.0,0,0.0,0,0,0,1,1.0,0.0,43
1,1,343,15.129797303514787,0.0,,1,0.0,0,0.0,0,0,0,1,1.0,0.0,14
1,1,344,15.471792683697352,0.0,,1,0.0,0,0.0,0,0,0,1,1.0,0.0,42
1,1,345,15.29543650211352,0.0,,1,0.0,0,0.0,0,0,0,1,1.0,0.0,11
1,1,346,15.353917071600787,0.0,,1,0.0,0,0.0,0,0,0,1,1.0,0.0,34
1,1,347,15.530273660845566,0.0,,1,0.0,0,0.0,0,0,0,1,1.0,0.0,39
1,1,348,16.81638187742442,0.0,,1,0.0,0,0.0,0,0,0,1,1.0,0.0,48
1,1,349,16.87486227910678,0.0,,1,0.0,0,0.0,0,0,0,1,1.0,0.0,34
1,1,350,16.96580390255719,0.0,,1,0.0,0,0.0,0,0,0,1,1.0,0.0,36
1,1,351,16.69155578323819,0.0,,1,0.0,0,0.0,0,0,0,1,1.0,0.0,9
1,1,352,16.965804001753952,0.0,,1,0.0,0,0.0,0,0,0,1,1.0,0.0,41
1,1,353,16.138766991308014,0.0,,1,0.0,0,0.0,0,0,0,1,1.0,0.0,4
1,1,354,16.108610570477047,0.0,,1,0.0,0,0.0,0,0,0,1,1.0,0.0,19
1,1,355,17.394718765209973,0.0,,1,0.0,0,0.0,0,0,0,1,1.0,0.0,48
1,1,356,16.968241186936,0.0,,1,0.0,0,0.0,0,0,0,1,1.0,0.0,7
1,1,357,16.938084709195657,0.0,,1,0.0,0,0.0,0,0,0,1,1.0,0.0,19
1,1,358,17.05149145761489,0.0,,1,0.0,0,0.0,0,0,0,1,1.0,0.0,37
1,1,359,17.035940706013037,0.0,,1,0.0,0,0.0,0,0,0,1,1.0,0.0,22
1,1,360,16.208903688932313,0.0,,1,0.0,0,0.0,0,0,0,1,1.0,0.0,4
1,1,361,16.184721070735655,0.0,,1,0.0,0,0.0,0,0,0,1,1.0,0.0,20
1,1,362,16.275662736768464,0.0,,1,0.0,0,0.0,0,0,0,1,1.0,0.0,36
1,1,363,16.256270549388233,0.0,,1,0.0,0,0.0,0,0,0,1,1.0,0.0,21
1,1,364,16.280453346153163,0.0,,1,0.0,0,0.0,0,0,0,1,1.0,0.0,30
2,1,1,1.3704661890378842,52.0,,1,19.264244,71.26424182996998,62.95338109621159,0,0,0,1,1.0,19.264244,37
2,1,2,1.6092160141558194,29.0,,1,17.667263,46.66726441051876,39.07839858441807,0,0,0,1,1.0,17.667263,28
2,1,3,1.7311799915002115,16.0,,1,11.698879,27.698879864003384,26.88200084997885,0,0,0,1,1.0,11.698879,15
2,1,4,1.8447516015741756,10.0,,1,8.4475155,18.447516015741755,15.524839842582452,0,0,0,1,1.0,8.4475155,16
2,1,5,1.841128771446824,8.0,,1,6.7290306,14.729030171574593,15.887122855317585,0,0,0,1,1.0,6.7290306,11
2,1,6,2.009280190656545,0.0,,1,0.0,0,0.0,0,0,0,1,1.0,0.0,30
2,1,7,2.3314100309590478,0.0,,1,0.0,0,0.0,0,0,0,1,1.0,0.0,40
2,1,8,2.341587765799341,0.0,,1,0.0,0,0.0,0,0,0,1,1.0,0.0,14
2,1,9,1.8495373468612077,15.0,,1,12.743061,27.743060202918116,15.046265313879218,0,0,0,1,1.0,12.743061,5
2,1,10,2.028212275209951,0.0,,1,0.0,0,0.0,0,0,0,1,1.0,0.0,32
2,1,11,1.9600965891487372,8.0,,1,7.680773,15.680772713189898,3.990341085126289,0,0,0,1,1.0,7.680773,10
2,1,12,1.5385654243568716,33.0,,1,17.77266,50.772659003776766,46.143457564312826,0,0,0,1,1.0,17.77266,5
2,1,13,0.48881230111899376,101.0,,1,-51.62996,49.37004241301837,151.11876988810062,0,0,0,1,1.0,-51.62996,0
2,1,14,1.7179182413445273,22.0,,1,15.794201,37.7942013095796,28.208175865547275,0,0,0,1,1.0,15.794201,47
2,1,15,1.6555988150654433,22.0,,1,14.423176,36.42317393143975,34.440118493455685,0,0,0,1,1.0,14.423176,9
2,1,16,1.7815038274999113,17.0,,1,13.285564,30.285565067498492,21.849617250008862,0,0,0,1,1.0,13.285564,16
2,1,17,1.945691031575476,11.0,,1,10.402601,21.402601347330236,5.430896842452398,0,0,0,1,1.0,10.402601,26
2,1,18,2.179161744783549,0.0,,1,0.0,0,0.0,0,0,0,1,1.0,0.0,37
2,1,19,1.9125113512726462,8.0,,1,7.300091,15.30009081018117,8.748864872735396,0,0,0,1,1.0,7.300091,7
2,1,20,2.0240550702511855,0.0,,1,0.0,0,0.0,0,0,0,1,1.0,0.0,19
2,1,21,1.7818855444581885,21.0,,1,16.419598,37.419596433621955,21.811445554181148,0,0,0,1,1.0,16.419598,7
2,1,22,2.176533503730865,0.0,,1,0.0,0,0.0,0,0,0,1,1.0,0.0,41
2,1,23,1.2343562049624,76.0,,1,17.811073,93.8110715771424,76.56437950376001,0,0,0,1,1.0,17.811073,2
2,1,24,1.3238348110829117,67.0,,1,21.69693,88.69693234255509,67.61651889170884,0,0,0,1,1.0,21.69693,10
2,1,25,1.5445012138863812,45.0,,1,24.502556,69.50255462488715,45.54987861136189,0,0,0,1,1.0,24.502556,21
2,1,26,1.7461910404587466,18.0,,1,13.431438,31.43143872825744,25.38089595412535,0,0,0,1,1.0,13.431438,26
2,1,27,1.8112524733100503,8.0,,1,6.49002,14.490019786480403,18.874752668994972,0,0,0,1,1.0,6.49002,13
2,1,28,1.9304048708789805,6.0,,1,5.582429,11.582429225273883,6.959512912101957,0,0,0,1,1.0,5.582429,18
2,1,29,1.2404901743375005,51.0,,1,12.264999,63.26499889121253,75.95098256624995,0,0,0,1,1.0,12.264999,3
2,1,30,1.4945449364570602,27.0,,1,13.352715,40.35271328434062,50.54550635429399,0,0,0,1,1.0,13.352715,25
2,1,31,0.8027864986539622,116.0,,1,-22.876762,93.12323384385962,119.72135013460378,0,0,0,1,1.0,-22.876762,2
2,1,32,1.0264583330986914,97.0,,1,2.5664597,99.56645831057307,97.35416669013087,0,0,0,1,1.0,2.5664597,10
2,1,33,1.3469863680741798,65.0,,1,22.554115,87.55411392482169,65.30136319258202,0,0,0,1,1.0,22.554115,29
2,1,34,3.3815715894058296,0.0,,1,0.0,0,0.0,0,0,0,1,1.0,0.0,50
2,1,35,3.451392453412303,0.0,,1,0.0,0,0.0,0,0,0,1,1.0,0.0,32
2,1,36,2.9721147711040308,0.0,,1,0.0,0,0.0,0,0,0,1,1.0,0.0,6
2,1,37,4.979019359856219,0.0,,1,0.0,0,0.0,0,0,0,1,1.0,0.0,50
2,1,38,4.961861150111062,0.0,,1,0.0,0,0.0,0,0,0,1,1.0,0.0,20
2,1,39,3.0122905072891384,0.0,,1,0.0,0,0.0,0,0,0,1,1.0,0.0,0
2,1,40,3.2290473351158253,0.0,,1,0.0,0,0.0,0,0,0,1,1.0,0.0,39
2,1,41,4.840792562132989,0.0,,1,0.0,0,0.0,0,0,0,1,1.0,0.0,49
2,1,42,4.790653926389752,0.0,,1,0.0,0,0.0,0,0,0,1,1.0,0.0,16
2,1,43,6.7917775282805435,0.0,,1,0.0,0,0.0,0,0,0,1,1.0,0.0,50
2,1,44,6.768744613648621,0.0,,1,0.0,0,0.0,0,0,0,1,1.0,0.0,20
2,1,45,6.911163064833981,0.0,,1,0.0,0,0.0,0,0,0,1,1.0,0.0,38
2,1,46,7.253865938717264,0.0,,1,0.0,0,0.0,0,0,0,1,1.0,0.0,42
2,1,47,5.970314475764112,0.0,,1,0.0,0,0.0,0,0,0,1,1.0,0.0,2
2,1,48,5.992208017816221,0.0,,1,0.0,0,0.0,0,0,0,1,1.0,0.0,29
2,1,49,6.0674544177216925,0.0,,1,0.0,0,0.0,0,0,0,1,1.0,0.0,35
2,1,50,6.10728950892277,0.0,,1,0.0,0,0.0,0,0,0,1,1.0,0.0,32
2,1,51,4.829206318784565,0.0,,1,0.0,0,0.0,0,0,0,1,1.0,0.0,2
2,1,52,4.7791644852820765,0.0,,1,0.0,0,0.0,0,0,0,1,1.0,0.0,16
2,1,53,4.845539295049299,0.0,,1,0.0,0,0.0,0,0,0,1,1.0,0.0,34
2,1,54,5.277137032658943,0.0,,1,0.0,0,0.0,0,0,0,1,1.0,0.0,43
2,1,55,5.258172719772663,0.0,,1,0.0,0,0.0,0,0,0,1,1.0,0.0,20
2,1,56,3.295910226312662,0.0,,1,0.0,0,0.0,0,0,0,1,1.0,0.0,0
2,1,57,3.1210998253368847,0.0,,1,0.0,0,0.0,0,0,0,1,1.0,0.0,10
2,1,58,3.029238972630316,0.0,,1,0.0,0,0.0,0,0,0,1,1.0,0.0,12
2,1,59,3.0579692450847236,0.0,,1,0.0,0,0.0,0,0,0,1,1.0,0.0,21
2,1,60,4.356977330171747,0.0,,1,0.0,0,0.0,0,0,0,1,1.0,0.0,48
2,1,61,4.357401461615978,0.0,,1,0.0,0,0.0,0,0,0,1,1.0,0.0,23
2,1,62,4.54444084386294,0.0,,1,0.0,0,0.0,0,0,0,1,1.0,0.0,39
2,1,63,4.601424861314023,0.0,,1,0.0,0,0.0,0,0,0,1,1.0,0.0,33
2,1,64,4.564993591330834,0.0,,1,0.0,0,0.0,0,0,0,1,1.0,0.0,17
2,1,65,4.6876512475625205,0.0,,1,0.0,0,0.0,0,0,0,1,1.0,0.0,37
2,1,66,4.666940184867178,0.0,,1,0.0,0,0.0,0,0,0,1,1.0,0.0,19
