local_logs/supervision/PPO_3a_bias0.0_2024_05_24-17_09_55__8ca69870.csv
agent_id,episode_id,step,price,quantity,capital,costs,profit,revenue,demand_for_price,sold_units,leftover_units,classification_accuracy,regression_error_value,supervision_reward_factor,reward,action
2,1,67,4.150984825637802,0.0,,1,0.0,0,0.0,0,0,0,1,1.0,0.0,6
2,1,68,4.203644621144089,0.0,,1,0.0,0,0.0,0,0,0,1,1.0,0.0,32
2,1,69,4.172285898291247,0.0,,1,0.0,0,0.0,0,0,0,1,1.0,0.0,17
2,1,70,4.713132633573739,0.0,,1,0.0,0,0.0,0,0,0,1,1.0,0.0,44
2,1,71,5.544087916292036,0.0,,1,0.0,0,0.0,0,0,0,1,1.0,0.0,46
2,1,72,5.6385937094550584,0.0,,1,0.0,0,0.0,0,0,0,1,1.0,0.0,36
2,1,73,5.551541151996273,0.0,,1,0.0,0,0.0,0,0,0,1,1.0,0.0,14
2,1,74,5.542993344524542,0.0,,1,0.0,0,0.0,0,0,0,1,1.0,0.0,23
2,1,75,5.766051762232219,0.0,,1,0.0,0,0.0,0,0,0,1,1.0,0.0,40
2,1,76,5.799242731584229,0.0,,1,0.0,0,0.0,0,0,0,1,1.0,0.0,31
2,1,77,5.8263785358345155,0.0,,1,0.0,0,0.0,0,0,0,1,1.0,0.0,30
2,1,78,5.819352480976689,0.0,,1,0.0,0,0.0,0,0,0,1,1.0,0.0,24
2,1,79,6.0958553794766255,0.0,,1,0.0,0,0.0,0,0,0,1,1.0,0.0,41
2,1,80,6.3718140733139945,0.0,,1,0.0,0,0.0,0,0,0,1,1.0,0.0,41
2,1,81,6.154019853854057,0.0,,1,0.0,0,0.0,0,0,0,1,1.0,0.0,10
2,1,82,7.758260205002621,0.0,,1,0.0,0,0.0,0,0,0,1,1.0,0.0,49
2,1,83,7.7828598220886995,0.0,,1,0.0,0,0.0,0,0,0,1,1.0,0.0,30
2,1,84,7.669919877120477,0.0,,1,0.0,0,0.0,0,0,0,1,1.0,0.0,13
2,1,85,7.689769739772711,0.0,,1,0.0,0,0.0,0,0,0,1,1.0,0.0,29
2,1,86,8.353211864070351,0.0,,1,0.0,0,0.0,0,0,0,1,1.0,0.0,45
2,1,87,8.33405981336311,0.0,,1,0.0,0,0.0,0,0,0,1,1.0,0.0,21
2,1,88,8.349847065531822,0.0,,1,0.0,0,0.0,0,0,0,1,1.0,0.0,28
2,1,89,9.953707678364774,0.0,,1,0.0,0,0.0,0,0,0,1,1.0,0.0,49
2,1,90,9.862818174495056,0.0,,1,0.0,0,0.0,0,0,0,1,1.0,0.0,14
2,1,91,10.137105934148286,0.0,,1,0.0,0,0.0,0,0,0,1,1.0,0.0,41
2,1,92,10.174750086621259,0.0,,1,0.0,0,0.0,0,0,0,1,1.0,0.0,32
2,1,93,10.837976184215309,0.0,,1,0.0,0,0.0,0,0,0,1,1.0,0.0,45
2,1,94,10.56375384455882,0.0,,1,0.0,0,0.0,0,0,0,1,1.0,0.0,9
2,1,95,10.51688514193866,0.0,,1,0.0,0,0.0,0,0,0,1,1.0,0.0,17
2,1,96,10.242672584428238,0.0,,1,0.0,0,0.0,0,0,0,1,1.0,0.0,9
2,1,97,10.419058852079415,0.0,,1,0.0,0,0.0,0,0,0,1,1.0,0.0,39
2,1,98,12.419062892907673,0.0,,1,0.0,0,0.0,0,0,0,1,1.0,0.0,50
2,1,99,13.705172176399305,0.0,,1,0.0,0,0.0,0,0,0,1,1.0,0.0,48
2,1,100,12.878137621267548,0.0,,1,0.0,0,0.0,0,0,0,1,1.0,0.0,4
2,1,101,12.8781401745293,0.0,,1,0.0,0,0.0,0,0,0,1,1.0,0.0,25
2,1,102,12.819662526787711,0.0,,1,0.0,0,0.0,0,0,0,1,1.0,0.0,16
2,1,103,12.761185042066279,0.0,,1,0.0,0,0.0,0,0,0,1,1.0,0.0,16
2,1,104,12.74563716554121,0.0,,1,0.0,0,0.0,0,0,0,1,1.0,0.0,22
2,1,105,12.632233721504669,0.0,,1,0.0,0,0.0,0,0,0,1,1.0,0.0,13
2,1,106,12.59463108074755,0.0,,1,0.0,0,0.0,0,0,0,1,1.0,0.0,18
2,1,107,12.708040816540137,0.0,,1,0.0,0,0.0,0,0,0,1,1.0,0.0,37
2,1,108,12.661148210162679,0.0,,1,0.0,0,0.0,0,0,0,1,1.0,0.0,17
2,1,109,12.680543595713146,0.0,,1,0.0,0,0.0,0,0,0,1,1.0,0.0,29
2,1,110,12.656364071178794,0.0,,1,0.0,0,0.0,0,0,0,1,1.0,0.0,20
2,1,111,12.643897017091835,0.0,,1,0.0,0,0.0,0,0,0,1,1.0,0.0,23
2,1,112,12.30190637084223,0.0,,1,0.0,0,0.0,0,0,0,1,1.0,0.0,8
2,1,113,12.521831420036829,0.0,,1,0.0,0,0.0,0,0,0,1,1.0,0.0,40
2,1,114,10.521858361478055,0.0,,1,0.0,0,0.0,0,0,0,1,1.0,0.0,0
2,1,115,10.74180138667672,0.0,,1,0.0,0,0.0,0,0,0,1,1.0,0.0,40
2,1,116,11.016065998003285,0.0,,1,0.0,0,0.0,0,0,0,1,1.0,0.0,41
2,1,117,11.192436185353905,0.0,,1,0.0,0,0.0,0,0,0,1,1.0,0.0,39
2,1,118,11.176899387667248,0.0,,1,0.0,0,0.0,0,0,0,1,1.0,0.0,22
2,1,119,11.451158200547548,0.0,,1,0.0,0,0.0,0,0,0,1,1.0,0.0,41
2,1,120,10.165088525360238,0.0,,1,0.0,0,0.0,0,0,0,1,1.0,0.0,2
2,1,121,10.118233085126421,0.0,,1,0.0,0,0.0,0,0,0,1,1.0,0.0,17
2,1,122,9.291288205159367,0.0,,1,0.0,0,0.0,0,0,0,1,1.0,0.0,4
2,1,123,9.267199970541075,0.0,,1,0.0,0,0.0,0,0,0,1,1.0,0.0,20
2,1,124,9.380691020099146,0.0,,1,0.0,0,0.0,0,0,0,1,1.0,0.0,37
2,1,125,9.439250917995073,0.0,,1,0.0,0,0.0,0,0,0,1,1.0,0.0,34
2,1,126,9.476933550322471,0.0,,1,0.0,0,0.0,0,0,0,1,1.0,0.0,32
2,1,127,8.191102530084532,0.0,,1,0.0,0,0.0,0,0,0,1,1.0,0.0,2
2,1,128,8.22897540617708,0.0,,1,0.0,0,0.0,0,0,0,1,1.0,0.0,32
2,1,129,8.219244860913248,0.0,,1,0.0,0,0.0,0,0,0,1,1.0,0.0,24
2,1,130,8.257110333006596,0.0,,1,0.0,0,0.0,0,0,0,1,1.0,0.0,32
2,1,131,8.398756861632508,0.0,,1,0.0,0,0.0,0,0,0,1,1.0,0.0,38
2,1,132,8.618858947252779,0.0,,1,0.0,0,0.0,0,0,0,1,1.0,0.0,40
2,1,133,8.838925339240092,0.0,,1,0.0,0,0.0,0,0,0,1,1.0,0.0,40
2,1,134,8.86922252281531,0.0,,1,0.0,0,0.0,0,0,0,1,1.0,0.0,31
2,1,135,8.796447156444119,0.0,,1,0.0,0,0.0,0,0,0,1,1.0,0.0,15
2,1,136,8.370201231204295,0.0,,1,0.0,0,0.0,0,0,0,1,1.0,0.0,7
2,1,137,9.40162236230224,0.0,,1,0.0,0,0.0,0,0,0,1,1.0,0.0,47
2,1,138,7.402232438059859,0.0,,1,0.0,0,0.0,0,0,0,1,1.0,0.0,0
2,1,139,7.62264320773069,0.0,,1,0.0,0,0.0,0,0,0,1,1.0,0.0,40
2,1,140,8.049440160339254,0.0,,1,0.0,0,0.0,0,0,0,1,1.0,0.0,43
2,1,141,6.764486699631982,0.0,,1,0.0,0,0.0,0,0,0,1,1.0,0.0,2
2,1,142,6.103517734653042,0.0,,1,0.0,0,0.0,0,0,0,1,1.0,0.0,5
2,1,143,6.047404169094464,0.0,,1,0.0,0,0.0,0,0,0,1,1.0,0.0,16
2,1,144,6.049765369833121,0.0,,1,0.0,0,0.0,0,0,0,1,1.0,0.0,25
2,1,145,6.052121008433597,0.0,,1,0.0,0,0.0,0,0,0,1,1.0,0.0,25
2,1,146,6.054471111039105,0.0,,1,0.0,0,0.0,0,0,0,1,1.0,0.0,25
2,1,147,5.715774954677637,0.0,,1,0.0,0,0.0,0,0,0,1,1.0,0.0,8
2,1,148,4.693631947664596,0.0,,1,0.0,0,0.0,0,0,0,1,1.0,0.0,3
2,1,149,4.692834844922382,0.0,,1,0.0,0,0.0,0,0,0,1,1.0,0.0,24
2,1,150,4.725919622697806,0.0,,1,0.0,0,0.0,0,0,0,1,1.0,0.0,30
2,1,151,3.9189444649627565,0.0,,1,0.0,0,0.0,0,0,0,1,1.0,0.0,4
2,1,152,3.90905138779515,0.0,,1,0.0,0,0.0,0,0,0,1,1.0,0.0,19
2,1,153,3.913669725264508,0.0,,1,0.0,0,0.0,0,0,0,1,1.0,0.0,22
2,1,154,4.072276464558974,0.0,,1,0.0,0,0.0,0,0,0,1,1.0,0.0,38
2,1,155,3.087621153831458,0.0,,1,0.0,0,0.0,0,0,0,1,1.0,0.0,3
2,1,156,3.1033999856978944,0.0,,1,0.0,0,0.0,0,0,0,1,1.0,0.0,19
2,1,157,3.1761969347609647,0.0,,1,0.0,0,0.0,0,0,0,1,1.0,0.0,31
2,1,158,3.2074959141945394,0.0,,1,0.0,0,0.0,0,0,0,1,1.0,0.0,24
2,1,159,3.762817523457027,0.0,,1,0.0,0,0.0,0,0,0,1,1.0,0.0,44
2,1,160,3.7621428733347146,0.0,,1,0.0,0,0.0,0,0,0,1,1.0,0.0,20
2,1,161,3.8423007037585046,0.0,,1,0.0,0,0.0,0,0,0,1,1.0,0.0,34
2,1,162,2.86936983156443,0.0,,1,0.0,0,0.0,0,0,0,1,1.0,0.0,3
2,1,163,3.133819200897798,0.0,,1,0.0,0,0.0,0,0,0,1,1.0,0.0,40
2,1,164,3.9797239872697387,0.0,,1,0.0,0,0.0,0,0,0,1,1.0,0.0,46
2,1,165,3.859604246927481,0.0,,1,0.0,0,0.0,0,0,0,1,1.0,0.0,12
2,1,166,5.151519841520213,0.0,,1,0.0,0,0.0,0,0,0,1,1.0,0.0,48
2,1,167,5.084802541565241,0.0,,1,0.0,0,0.0,0,0,0,1,1.0,0.0,15
2,1,168,5.3096797139426934,0.0,,1,0.0,0,0.0,0,0,0,1,1.0,0.0,40
2,1,169,5.304660482197855,0.0,,1,0.0,0,0.0,0,0,0,1,1.0,0.0,24
2,1,170,5.322025576669715,0.0,,1,0.0,0,0.0,0,0,0,1,1.0,0.0,27
2,1,171,5.856719877200298,0.0,,1,0.0,0,0.0,0,0,0,1,1.0,0.0,44
2,1,172,6.889077787312126,0.0,,1,0.0,0,0.0,0,0,0,1,1.0,0.0,47
2,1,173,6.548515864272154,0.0,,1,0.0,0,0.0,0,0,0,1,1.0,0.0,8
2,1,174,6.519834343012948,0.0,,1,0.0,0,0.0,0,0,0,1,1.0,0.0,19
2,1,175,5.990510276337005,0.0,,1,0.0,0,0.0,0,0,0,1,1.0,0.0,6
2,1,176,5.955499159200363,0.0,,1,0.0,0,0.0,0,0,0,1,1.0,0.0,18
2,1,177,6.030832192575402,0.0,,1,0.0,0,0.0,0,0,0,1,1.0,0.0,35
2,1,178,6.017719587564251,0.0,,1,0.0,0,0.0,0,0,0,1,1.0,0.0,22
2,1,179,6.445785666576569,0.0,,1,0.0,0,0.0,0,0,0,1,1.0,0.0,43
2,1,180,6.2278399245581655,0.0,,1,0.0,0,0.0,0,0,0,1,1.0,0.0,10
2,1,181,6.253947336361073,0.0,,1,0.0,0,0.0,0,0,0,1,1.0,0.0,30
2,1,182,7.2859711914254595,0.0,,1,0.0,0,0.0,0,0,0,1,1.0,0.0,47
2,1,183,7.377538105533476,0.0,,1,0.0,0,0.0,0,0,0,1,1.0,0.0,36
2,1,184,7.362622047896465,0.0,,1,0.0,0,0.0,0,0,0,1,1.0,0.0,22
2,1,185,7.221931348941214,0.0,,1,0.0,0,0.0,0,0,0,1,1.0,0.0,12
2,1,186,7.0464458161790064,0.0,,1,0.0,0,0.0,0,0,0,1,1.0,0.0,11
2,1,187,6.516096754360613,0.0,,1,0.0,0,0.0,0,0,0,1,1.0,0.0,6
2,1,188,5.692436709734284,0.0,,1,0.0,0,0.0,0,0,0,1,1.0,0.0,4
2,1,189,5.754091882744639,0.0,,1,0.0,0,0.0,0,0,0,1,1.0,0.0,34
2,1,190,5.847923520973058,0.0,,1,0.0,0,0.0,0,0,0,1,1.0,0.0,36
2,1,191,6.0266963014337405,0.0,,1,0.0,0,0.0,0,0,0,1,1.0,0.0,39
2,1,192,6.013593789018941,0.0,,1,0.0,0,0.0,0,0,0,1,1.0,0.0,22
2,1,193,6.035381513844905,0.0,,1,0.0,0,0.0,0,0,0,1,1.0,0.0,29
2,1,194,5.861875064312955,0.0,,1,0.0,0,0.0,0,0,0,1,1.0,0.0,11
2,1,195,4.2721125289697115,0.0,,1,0.0,0,0.0,0,0,0,1,1.0,0.0,1
2,1,196,4.323066410528521,0.0,,1,0.0,0,0.0,0,0,0,1,1.0,0.0,32
2,1,197,4.336238440294661,0.0,,1,0.0,0,0.0,0,0,0,1,1.0,0.0,25
2,1,198,4.523505073820503,0.0,,1,0.0,0,0.0,0,0,0,1,1.0,0.0,39
2,1,199,6.524972509435221,0.0,,1,0.0,0,0.0,0,0,0,1,1.0,0.0,50
2,1,200,6.639687509713625,0.0,,1,0.0,0,0.0,0,0,0,1,1.0,0.0,37
2,1,201,6.582592370052264,0.0,,1,0.0,0,0.0,0,0,0,1,1.0,0.0,16
2,1,202,5.301480873266604,0.0,,1,0.0,0,0.0,0,0,0,1,1.0,0.0,2
2,1,203,5.343875671525954,0.0,,1,0.0,0,0.0,0,0,0,1,1.0,0.0,32
2,1,204,5.235805711903486,0.0,,1,0.0,0,0.0,0,0,0,1,1.0,0.0,13
2,1,205,5.265170339171102,0.0,,1,0.0,0,0.0,0,0,0,1,1.0,0.0,30
2,1,206,5.931036059013984,0.0,,1,0.0,0,0.0,0,0,0,1,1.0,0.0,45
2,1,207,6.153086633749412,0.0,,1,0.0,0,0.0,0,0,0,1,1.0,0.0,40
2,1,208,6.131080519461527,0.0,,1,0.0,0,0.0,0,0,0,1,1.0,0.0,20
2,1,209,6.095729495525958,0.0,,1,0.0,0,0.0,0,0,0,1,1.0,0.0,18
2,1,210,6.088002015435988,0.0,,1,0.0,0,0.0,0,0,0,1,1.0,0.0,24
2,1,211,6.066142105995532,0.0,,1,0.0,0,0.0,0,0,0,1,1.0,0.0,20
2,1,212,5.40742887952094,0.0,,1,0.0,0,0.0,0,0,0,1,1.0,0.0,5
2,1,213,5.071725031345853,0.0,,1,0.0,0,0.0,0,0,0,1,1.0,0.0,8
2,1,214,3.4986177573882253,0.0,,1,0.0,0,0.0,0,0,0,1,1.0,0.0,1
2,1,215,3.5133178300150574,0.0,,1,0.0,0,0.0,0,0,0,1,1.0,0.0,22
2,1,216,3.277521175598672,0.0,,1,0.0,0,0.0,0,0,0,1,1.0,0.0,9
2,1,217,3.291255421111302,0.0,,1,0.0,0,0.0,0,0,0,1,1.0,0.0,20
2,1,218,3.315766807469386,0.0,,1,0.0,0,0.0,0,0,0,1,1.0,0.0,23
2,1,219,3.2153160452573277,0.0,,1,0.0,0,0.0,0,0,0,1,1.0,0.0,12
2,1,220,3.519622089600662,0.0,,1,0.0,0,0.0,0,0,0,1,1.0,0.0,41
2,1,221,3.5676425759348436,0.0,,1,0.0,0,0.0,0,0,0,1,1.0,0.0,29
2,1,222,3.424397244160868,0.0,,1,0.0,0,0.0,0,0,0,1,1.0,0.0,11
2,1,223,3.8719131284393287,0.0,,1,0.0,0,0.0,0,0,0,1,1.0,0.0,43
2,1,224,3.7200870010142126,0.0,,1,0.0,0,0.0,0,0,0,1,1.0,0.0,11
2,1,225,3.8152912585767744,0.0,,1,0.0,0,0.0,0,0,0,1,1.0,0.0,35
2,1,226,4.3599818171239635,0.0,,1,0.0,0,0.0,0,0,0,1,1.0,0.0,44
2,1,227,4.353534242218154,0.0,,1,0.0,0,0.0,0,0,0,1,1.0,0.0,21
2,1,228,4.3854618901991955,0.0,,1,0.0,0,0.0,0,0,0,1,1.0,0.0,29
2,1,229,3.586510322012114,0.0,,1,0.0,0,0.0,0,0,0,1,1.0,0.0,4
2,1,230,2.9756645906037122,0.0,,1,0.0,0,0.0,0,0,0,1,1.0,0.0,5
2,1,231,2.969858054424489,0.0,,1,0.0,0,0.0,0,0,0,1,1.0,0.0,16
2,1,232,3.230135057217677,0.0,,1,0.0,0,0.0,0,0,0,1,1.0,0.0,40
2,1,233,3.4391109491002605,0.0,,1,0.0,0,0.0,0,0,0,1,1.0,0.0,39
2,1,234,5.443444887016952,0.0,,1,0.0,0,0.0,0,0,0,1,1.0,0.0,50
2,1,235,5.5607050749146385,0.0,,1,0.0,0,0.0,0,0,0,1,1.0,0.0,37
2,1,236,6.593413908177439,0.0,,1,0.0,0,0.0,0,0,0,1,1.0,0.0,47
2,1,237,6.685605028128387,0.0,,1,0.0,0,0.0,0,0,0,1,1.0,0.0,36
2,1,238,6.345366240288091,0.0,,1,0.0,0,0.0,0,0,0,1,1.0,0.0,8
2,1,239,6.359568133679545,0.0,,1,0.0,0,0.0,0,0,0,1,1.0,0.0,27
2,1,240,6.345773028668993,0.0,,1,0.0,0,0.0,0,0,0,1,1.0,0.0,22
2,1,241,6.405906521289136,0.0,,1,0.0,0,0.0,0,0,0,1,1.0,0.0,34
2,1,242,6.388196946676384,0.0,,1,0.0,0,0.0,0,0,0,1,1.0,0.0,21
2,1,243,6.343061625854179,0.0,,1,0.0,0,0.0,0,0,0,1,1.0,0.0,17
2,1,244,6.254044558001447,0.0,,1,0.0,0,0.0,0,0,0,1,1.0,0.0,14
2,1,245,5.5945630525253165,0.0,,1,0.0,0,0.0,0,0,0,1,1.0,0.0,5
2,1,246,5.25778827387932,0.0,,1,0.0,0,0.0,0,0,0,1,1.0,0.0,8
2,1,247,5.535986558363605,0.0,,1,0.0,0,0.0,0,0,0,1,1.0,0.0,41
2,1,248,5.4493533292687255,0.0,,1,0.0,0,0.0,0,0,0,1,1.0,0.0,14
2,1,249,5.672719160229852,0.0,,1,0.0,0,0.0,0,0,0,1,1.0,0.0,40
2,1,250,5.585536371939733,0.0,,1,0.0,0,0.0,0,0,0,1,1.0,0.0,14
2,1,251,5.573788874079328,0.0,,1,0.0,0,0.0,0,0,0,1,1.0,0.0,22
2,1,252,5.63584327558391,0.0,,1,0.0,0,0.0,0,0,0,1,1.0,0.0,34
2,1,253,5.752430091603412,0.0,,1,0.0,0,0.0,0,0,0,1,1.0,0.0,37
2,1,254,3.775619785096712,0.0,,1,0.0,0,0.0,0,0,0,1,1.0,0.0,0
2,1,255,4.612632139420302,0.0,,1,0.0,0,0.0,0,0,0,1,1.0,0.0,46
2,1,256,4.961653296125962,0.0,,1,0.0,0,0.0,0,0,0,1,1.0,0.0,42
2,1,257,4.998580205641397,0.0,,1,0.0,0,0.0,0,0,0,1,1.0,0.0,31
2,1,258,3.7365957955931597,0.0,,1,0.0,0,0.0,0,0,0,1,1.0,0.0,2
2,1,259,3.58827471575151,0.0,,1,0.0,0,0.0,0,0,0,1,1.0,0.0,11
2,1,260,3.6521580898167048,0.0,,1,0.0,0,0.0,0,0,0,1,1.0,0.0,32
2,1,261,3.6411248395500637,0.0,,1,0.0,0,0.0,0,0,0,1,1.0,0.0,18
2,1,262,4.188243626406901,0.0,,1,0.0,0,0.0,0,0,0,1,1.0,0.0,44
2,1,263,4.203302579843544,0.0,,1,0.0,0,0.0,0,0,0,1,1.0,0.0,25
2,1,264,4.264359025794327,0.0,,1,0.0,0,0.0,0,0,0,1,1.0,0.0,33
2,1,265,2.728120537959857,0.0,,1,0.0,0,0.0,0,0,0,1,1.0,0.0,1
2,1,266,2.7768263936136024,0.0,,1,0.0,0,0.0,0,0,0,1,1.0,0.0,22
2,1,267,2.905999724484862,0.0,,1,0.0,0,0.0,0,0,0,1,1.0,0.0,35
2,1,268,2.8256759677638503,0.0,,1,0.0,0,0.0,0,0,0,1,1.0,0.0,12
2,1,269,2.5638178372698293,0.0,,1,0.0,0,0.0,0,0,0,1,1.0,0.0,8
2,1,270,2.626433244787899,0.0,,1,0.0,0,0.0,0,0,0,1,1.0,0.0,23
2,1,271,2.5650465013278865,0.0,,1,0.0,0,0.0,0,0,0,1,1.0,0.0,12
2,1,272,2.6507323005901546,0.0,,1,0.0,0,0.0,0,0,0,1,1.0,0.0,27
2,1,273,1.8000628792989481,19.0,,1,15.201195,34.20119470668001,19.993712070105175,0,0,0,1,1.0,15.201195,3
2,1,274,2.888660579649686,0.0,,1,0.0,0,0.0,0,0,0,1,1.0,0.0,47
2,1,275,2.835721915407588,0.0,,1,0.0,0,0.0,0,0,0,1,1.0,0.0,13
2,1,276,2.961762129624678,0.0,,1,0.0,0,0.0,0,0,0,1,1.0,0.0,35
2,1,277,3.0408907468016686,0.0,,1,0.0,0,0.0,0,0,0,1,1.0,0.0,31
2,1,278,3.0588150908942873,0.0,,1,0.0,0,0.0,0,0,0,1,1.0,0.0,19
2,1,279,1.6647765246289923,33.0,,1,21.937626,54.937625312756744,33.522347537100785,0,0,0,1,1.0,21.937626,1
2,1,280,1.6128265356183205,38.0,,1,23.287407,61.287408353496176,38.717346438167965,0,0,0,1,1.0,23.287407,9
2,1,281,1.802929066489292,19.0,,1,15.255653,34.25565226329655,19.707093351070796,0,0,0,1,1.0,15.255653,26
2,1,282,2.1470818901263655,0.0,,1,0.0,0,0.0,0,0,0,1,1.0,0.0,40
2,1,283,1.2135655105394212,78.0,,1,16.658112,94.65810982207485,78.64344894605789,0,0,0,1,1.0,16.658112,2
2,1,284,2.578588169640474,0.0,,1,0.0,0,0.0,0,0,0,1,1.0,0.0,48
2,1,285,2.6372820415088474,0.0,,1,0.0,0,0.0,0,0,0,1,1.0,0.0,22
2,1,286,3.6938122253000576,0.0,,1,0.0,0,0.0,0,0,0,1,1.0,0.0,47
2,1,287,3.7305542380833057,0.0,,1,0.0,0,0.0,0,0,0,1,1.0,0.0,27
2,1,288,3.744486112780317,0.0,,1,0.0,0,0.0,0,0,0,1,1.0,0.0,24
2,1,289,3.7580907604236007,0.0,,1,0.0,0,0.0,0,0,0,1,1.0,0.0,24
2,1,290,3.7444182479692585,0.0,,1,0.0,0,0.0,0,0,0,1,1.0,0.0,18
2,1,291,3.7914228837835053,0.0,,1,0.0,0,0.0,0,0,0,1,1.0,0.0,30
2,1,292,3.832703972699764,0.0,,1,0.0,0,0.0,0,0,0,1,1.0,0.0,29
2,1,293,2.3311295389378768,0.0,,1,0.0,0,0.0,0,0,0,1,1.0,0.0,1
2,1,294,1.121521050542441,87.0,,1,10.572334,97.57233139719236,87.84789494575591,0,0,0,1,1.0,10.572334,1
2,1,295,1.3959915210259437,60.0,,1,23.759491,83.75949126155662,60.40084789740564,0,0,0,1,1.0,23.759491,24
2,1,296,1.527348595999666,47.0,,1,24.785385,71.7853840119843,47.2651404000334,0,0,0,1,1.0,24.785385,13
2,1,297,1.5043398691495586,49.0,,1,24.712654,73.71265358832838,49.56601308504415,0,0,0,1,1.0,24.712654,9
2,1,298,1.434470389961318,56.0,,1,24.330345,80.33034183783381,56.552961003868205,0,0,0,1,1.0,24.330345,8
2,1,299,0.6120561877172848,138.0,,1,-53.536247,84.4637539049853,138.79438122827153,0,0,0,1,1.0,-53.536247,1
2,1,300,1.2798795658087583,72.0,,1,20.151329,92.1513287382306,72.01204341912417,0,0,0,1,1.0,20.151329,42
2,1,301,1.615035348943606,38.0,,1,23.371342,61.37134325985703,38.4964651056394,0,0,0,1,1.0,23.371342,37
2,1,302,2.257377086038789,0.0,,1,0.0,0,0.0,0,0,0,1,1.0,0.0,44
2,1,303,1.8894296961375006,11.0,,1,9.783726,20.783726657512506,11.057030386249949,0,0,0,1,1.0,9.783726,6
2,1,304,1.6712269996255045,20.0,,1,13.424541,33.42453999251009,32.877300037449544,0,0,0,1,1.0,13.424541,7
2,1,305,1.8119524107083647,9.0,,1,7.3075714,16.30757169637528,18.80475892916354,0,0,0,1,1.0,7.3075714,18
2,1,306,1.9008822334537336,7.0,,1,6.306175,13.306175634176135,9.911776654626635,0,0,0,1,1.0,6.306175,15
2,1,307,2.0293140344994276,0.0,,1,0.0,0,0.0,0,0,0,1,1.0,0.0,23
2,1,308,2.163822202681492,0.0,,1,0.0,0,0.0,0,0,0,1,1.0,0.0,27
2,1,309,2.2865330771886314,0.0,,1,0.0,0,0.0,0,0,0,1,1.0,0.0,28
2,1,310,2.410725739948462,0.0,,1,0.0,0,0.0,0,0,0,1,1.0,0.0,31
2,1,311,2.367686268921224,0.0,,1,0.0,0,0.0,0,0,0,1,1.0,0.0,12
2,1,312,4.380287090085794,0.0,,1,0.0,0,0.0,0,0,0,1,1.0,0.0,50
2,1,313,5.986615463682273,0.0,,1,0.0,0,0.0,0,0,0,1,1.0,0.0,49
2,1,314,7.27341760828062,0.0,,1,0.0,0,0.0,0,0,0,1,1.0,0.0,48
2,1,315,7.29349006486123,0.0,,1,0.0,0,0.0,0,0,0,1,1.0,0.0,29
2,1,316,6.468006479780113,0.0,,1,0.0,0,0.0,0,0,0,1,1.0,0.0,4
2,1,317,6.499668071923979,0.0,,1,0.0,0,0.0,0,0,0,1,1.0,0.0,31
2,1,318,6.442780959002178,0.0,,1,0.0,0,0.0,0,0,0,1,1.0,0.0,16
2,1,319,6.406826544445414,0.0,,1,0.0,0,0.0,0,0,0,1,1.0,0.0,18
2,1,320,7.070882846343182,0.0,,1,0.0,0,0.0,0,0,0,1,1.0,0.0,45
2,1,321,7.071731968552082,0.0,,1,0.0,0,0.0,0,0,0,1,1.0,0.0,25
2,1,322,5.7886904884600625,0.0,,1,0.0,0,0.0,0,0,0,1,1.0,0.0,2
2,1,323,5.772415298510362,0.0,,1,0.0,0,0.0,0,0,0,1,1.0,0.0,21
2,1,324,5.556364170722794,0.0,,1,0.0,0,0.0,0,0,0,1,1.0,0.0,10
2,1,325,5.570181236355136,0.0,,1,0.0,0,0.0,0,0,0,1,1.0,0.0,26
2,1,326,5.573983787383078,0.0,,1,0.0,0,0.0,0,0,0,1,1.0,0.0,25
2,1,327,5.565349096461842,0.0,,1,0.0,0,0.0,0,0,0,1,1.0,0.0,23
2,1,328,5.559208358297962,0.0,,1,0.0,0,0.0,0,0,0,1,1.0,0.0,24
2,1,329,3.5872722057749513,0.0,,1,0.0,0,0.0,0,0,0,1,1.0,0.0,0
2,1,330,4.135230143501693,0.0,,1,0.0,0,0.0,0,0,0,1,1.0,0.0,44
2,1,331,6.137393029623884,0.0,,1,0.0,0,0.0,0,0,0,1,1.0,0.0,50
2,1,332,5.998457339097274,0.0,,1,0.0,0,0.0,0,0,0,1,1.0,0.0,12
2,1,333,5.970856134937743,0.0,,1,0.0,0,0.0,0,0,0,1,1.0,0.0,19
2,1,334,5.832370204233506,0.0,,1,0.0,0,0.0,0,0,0,1,1.0,0.0,12
2,1,335,5.174836947633008,0.0,,1,0.0,0,0.0,0,0,0,1,1.0,0.0,5
2,1,336,5.156433117721903,0.0,,1,0.0,0,0.0,0,0,0,1,1.0,0.0,20
2,1,337,5.174578073487547,0.0,,1,0.0,0,0.0,0,0,0,1,1.0,0.0,27
2,1,338,5.170277275976765,0.0,,1,0.0,0,0.0,0,0,0,1,1.0,0.0,24
2,1,339,5.351386534216671,0.0,,1,0.0,0,0.0,0,0,0,1,1.0,0.0,39
2,1,340,6.180495189643414,0.0,,1,0.0,0,0.0,0,0,0,1,1.0,0.0,46
