local_logs/supervision/PPO_3a_bias0.0_2024_05_24-17_09_55__8ca69870.csv
agent_id,episode_id,step,price,quantity,capital,costs,profit,revenue,demand_for_price,sold_units,leftover_units,classification_accuracy,regression_error_value,supervision_reward_factor,reward,action
2,1,341,6.006604252994539,0.0,,1,0.0,0,0.0,0,0,0,1,1.0,0.0,11
2,1,342,5.8680153856809065,0.0,,1,0.0,0,0.0,0,0,0,1,1.0,0.0,12
2,1,343,5.729846888694352,0.0,,1,0.0,0,0.0,0,0,0,1,1.0,0.0,12
2,1,344,5.459861930701209,0.0,,1,0.0,0,0.0,0,0,0,1,1.0,0.0,9
2,1,345,5.373568688661904,0.0,,1,0.0,0,0.0,0,0,0,1,1.0,0.0,14
2,1,346,5.424879795979218,0.0,,1,0.0,0,0.0,0,0,0,1,1.0,0.0,33
2,1,347,3.842734702342624,0.0,,1,0.0,0,0.0,0,0,0,1,1.0,0.0,1
2,1,348,3.8067257653945865,0.0,,1,0.0,0,0.0,0,0,0,1,1.0,0.0,16
2,1,349,5.8097285130782845,0.0,,1,0.0,0,0.0,0,0,0,1,1.0,0.0,50
2,1,350,5.828226935617886,0.0,,1,0.0,0,0.0,0,0,0,1,1.0,0.0,28
2,1,351,5.81183109248543,0.0,,1,0.0,0,0.0,0,0,0,1,1.0,0.0,21
2,1,352,5.7907088744901385,0.0,,1,0.0,0,0.0,0,0,0,1,1.0,0.0,20
2,1,353,4.767904818796008,0.0,,1,0.0,0,0.0,0,0,0,1,1.0,0.0,3
2,1,354,4.791787836464582,0.0,,1,0.0,0,0.0,0,0,0,1,1.0,0.0,28
2,1,355,4.72774693073312,0.0,,1,0.0,0,0.0,0,0,0,1,1.0,0.0,15
2,1,356,6.016296759926846,0.0,,1,0.0,0,0.0,0,0,0,1,1.0,0.0,48
2,1,357,6.038078026380527,0.0,,1,0.0,0,0.0,0,0,0,1,1.0,0.0,29
2,1,358,6.052902104840063,0.0,,1,0.0,0,0.0,0,0,0,1,1.0,0.0,27
2,1,359,5.028136128595402,0.0,,1,0.0,0,0.0,0,0,0,1,1.0,0.0,3
2,1,360,5.175228459301278,0.0,,1,0.0,0,0.0,0,0,0,1,1.0,0.0,38
2,1,361,5.040299942857373,0.0,,1,0.0,0,0.0,0,0,0,1,1.0,0.0,12
2,1,362,4.934116075372814,0.0,,1,0.0,0,0.0,0,0,0,1,1.0,0.0,13
2,1,363,4.928906499115825,0.0,,1,0.0,0,0.0,0,0,0,1,1.0,0.0,23
2,1,364,5.026431888959089,0.0,,1,0.0,0,0.0,0,0,0,1,1.0,0.0,36
